Component: ARM Compiler 5.06 update 6 (build 750) Tool: armlink [4d35ed]

==============================================================================

Section Cross References

    main.o(i.bsp_init) refers to misc.o(i.NVIC_PriorityGroupConfig) for NVIC_PriorityGroupConfig
    main.o(i.bsp_init) refers to exti.o(i.EXTIX_Init) for EXTIX_Init
    main.o(i.bsp_init) refers to lcd.o(i.LCD_Init) for LCD_Init
    main.o(i.bsp_init) refers to lcd.o(i.LCD_Scan_Dir) for LCD_Scan_Dir
    main.o(i.bsp_init) refers to pid.o(i.PID_Init) for PID_Init
    main.o(i.bsp_init) refers to can.o(i.CANx_Init) for CANx_Init
    main.o(i.bsp_init) refers to usart.o(i.USART_Config) for USART_Config
    main.o(i.bsp_init) refers to pwm.o(i.PWM_Init) for PWM_Init
    main.o(i.bsp_init) refers to timer.o(i.TIM12_Int_Init) for TIM12_Int_Init
    main.o(i.bsp_init) refers to stm32f4xx_tim.o(i.TIM_Cmd) for TIM_Cmd
    main.o(i.bsp_init) refers to m_func.o(i.Show_Menu_List) for Show_Menu_List
    main.o(i.bsp_init) refers to lcd.o(.bss) for lcddev
    main.o(i.bsp_init) refers to touch.o(.data) for use_touch_adj_data
    main.o(i.lcd_task) refers to m_func.o(i.KeyNumOperate) for KeyNumOperate
    main.o(i.lcd_task) refers to delay.o(i.delay_ms) for delay_ms
    main.o(i.lcd_task) refers to usart.o(.data) for Is_USART_Key_Receive
    main.o(i.led0_task) refers to delay.o(i.delay_ms) for delay_ms
    main.o(i.led1_task) refers to delay.o(i.delay_ms) for delay_ms
    main.o(i.main) refers to delay.o(i.delay_init) for delay_init
    main.o(i.main) refers to misc.o(i.NVIC_PriorityGroupConfig) for NVIC_PriorityGroupConfig
    main.o(i.main) refers to led.o(i.LED_Init) for LED_Init
    main.o(i.main) refers to os_core.o(i.OSInit) for OSInit
    main.o(i.main) refers to cpu_a.o(.text) for CPU_SR_Save
    main.o(i.main) refers to os_task.o(i.OSTaskCreate) for OSTaskCreate
    main.o(i.main) refers to os_core.o(i.OSStart) for OSStart
    main.o(i.main) refers to main.o(.bss) for START_TASK_STK
    main.o(i.main) refers to main.o(i.start_task) for start_task
    main.o(i.start_task) refers to cpu_core.o(i.CPU_Init) for CPU_Init
    main.o(i.start_task) refers to os_stat.o(i.OSStatTaskCPUUsageInit) for OSStatTaskCPUUsageInit
    main.o(i.start_task) refers to os_core.o(i.OSSchedRoundRobinCfg) for OSSchedRoundRobinCfg
    main.o(i.start_task) refers to cpu_a.o(.text) for CPU_SR_Save
    main.o(i.start_task) refers to main.o(i.bsp_init) for bsp_init
    main.o(i.start_task) refers to os_task.o(i.OSTaskCreate) for OSTaskCreate
    main.o(i.start_task) refers to os_task.o(i.OS_TaskSuspend) for OS_TaskSuspend
    main.o(i.start_task) refers to main.o(.bss) for LCD_TASK_STK
    main.o(i.start_task) refers to main.o(i.lcd_task) for lcd_task
    main.o(i.start_task) refers to main.o(i.led0_task) for led0_task
    main.o(i.start_task) refers to main.o(i.led1_task) for led1_task
    system_stm32f4xx.o(i.SystemCoreClockUpdate) refers to system_stm32f4xx.o(.data) for SystemCoreClock
    system_stm32f4xx.o(i.SystemInit) refers to system_stm32f4xx.o(i.SetSysClock) for SetSysClock
    pid.o(i.PID_01) refers to pid.o(i.PID_DJI_Handler) for PID_DJI_Handler
    pid.o(i.PID_02) refers to pid.o(i.PID_DJI_Handler) for PID_DJI_Handler
    pid.o(i.PID_03) refers to pid.o(i.PID_DJI_Handler) for PID_DJI_Handler
    pid.o(i.PID_04) refers to pid.o(i.PID_DJI_Handler) for PID_DJI_Handler
    pid.o(i.PID_DJI) refers to pid.o(i.abs_limit) for abs_limit
    pid.o(i.PID_DJI_Handler) refers to pid.o(i.get_moto_chassis) for get_moto_chassis
    pid.o(i.PID_DJI_Handler) refers to pid.o(i.get_total_angle) for get_total_angle
    pid.o(i.PID_DJI_Handler) refers to pid.o(i.PID_DJI) for PID_DJI
    pid.o(i.PID_DJI_Handler) refers to ffltll_clz.o(x$fpl$ffltll) for __aeabi_l2f
    pid.o(i.PID_DJI_Handler) refers to pid.o(i.set_moto_current) for set_moto_current
    pid.o(i.PID_DJI_Handler) refers to pid.o(.bss) for moto_chassis
    pid.o(i.PID_DJI_Handler) refers to pid.o(.data) for Mode
    pid.o(i.PID_Init) refers to pid.o(i.PID_struct_init) for PID_struct_init
    pid.o(i.PID_Init) refers to pid.o(.bss) for pid_x_spd
    pid.o(i.PID_X) refers to pid.o(i.PID_DJI) for PID_DJI
    pid.o(i.PID_X) refers to ffixll.o(x$fpl$llsfromf) for __aeabi_f2lz
    pid.o(i.PID_X) refers to pid.o(.data) for set_x_loc
    pid.o(i.PID_X) refers to usart.o(.data) for ball_x_loc
    pid.o(i.PID_X) refers to pid.o(.bss) for pid_x_loc
    pid.o(i.PID_Y) refers to pid.o(i.PID_DJI) for PID_DJI
    pid.o(i.PID_Y) refers to ffixll.o(x$fpl$llsfromf) for __aeabi_f2lz
    pid.o(i.PID_Y) refers to pid.o(.data) for set_y_loc
    pid.o(i.PID_Y) refers to usart.o(.data) for ball_y_loc
    pid.o(i.PID_Y) refers to pid.o(.bss) for pid_y_loc
    pid.o(i.PID_struct_init) refers to pid.o(i.pid_param_init) for pid_param_init
    pid.o(i.get_moto_chassis) refers to can_database.o(.bss) for Motor2Stm
    pid.o(i.get_moto_chassis) refers to pid.o(.bss) for moto_chassis
[...]
    OSDbg_PrioMax                            0x0800c212   Data           2  os_dbg.o(.constdata)
    OSDbg_PrioTblSize                        0x0800c214   Data           2  os_dbg.o(.constdata)
    OSDbg_PtrSize                            0x0800c216   Data           2  os_dbg.o(.constdata)
    OSDbg_Q                                  0x0800c218   Data          48  os_dbg.o(.constdata)
    OSDbg_QEn                                0x0800c248   Data           1  os_dbg.o(.constdata)
    OSDbg_QDelEn                             0x0800c249   Data           1  os_dbg.o(.constdata)
    OSDbg_QFlushEn                           0x0800c24a   Data           1  os_dbg.o(.constdata)
    OSDbg_QPendAbortEn                       0x0800c24b   Data           1  os_dbg.o(.constdata)
    OSDbg_QSize                              0x0800c24c   Data           2  os_dbg.o(.constdata)
    OSDbg_SchedRoundRobinEn                  0x0800c24e   Data           1  os_dbg.o(.constdata)
    OSDbg_Sem                                0x0800c250   Data          40  os_dbg.o(.constdata)
    OSDbg_SemEn                              0x0800c278   Data           1  os_dbg.o(.constdata)
    OSDbg_SemDelEn                           0x0800c279   Data           1  os_dbg.o(.constdata)
    OSDbg_SemPendAbortEn                     0x0800c27a   Data           1  os_dbg.o(.constdata)
    OSDbg_SemSetEn                           0x0800c27b   Data           1  os_dbg.o(.constdata)
    OSDbg_SemSize                            0x0800c27c   Data           2  os_dbg.o(.constdata)
    OSDbg_RdyList                            0x0800c27e   Data           2  os_dbg.o(.constdata)
    OSDbg_RdyListSize                        0x0800c280   Data           4  os_dbg.o(.constdata)
    OSDbg_StkWidth                           0x0800c284   Data           1  os_dbg.o(.constdata)
    OSDbg_StatTaskEn                         0x0800c285   Data           1  os_dbg.o(.constdata)
    OSDbg_StatTaskStkChkEn                   0x0800c286   Data           1  os_dbg.o(.constdata)
    OSDbg_TaskChangePrioEn                   0x0800c287   Data           1  os_dbg.o(.constdata)
    OSDbg_TaskDelEn                          0x0800c288   Data           1  os_dbg.o(.constdata)
    OSDbg_TaskQEn                            0x0800c289   Data           1  os_dbg.o(.constdata)
    OSDbg_TaskQPendAbortEn                   0x0800c28a   Data           1  os_dbg.o(.constdata)
    OSDbg_TaskProfileEn                      0x0800c28b   Data           1  os_dbg.o(.constdata)
    OSDbg_TaskRegTblSize                     0x0800c28c   Data           2  os_dbg.o(.constdata)
    OSDbg_TaskSemPendAbortEn                 0x0800c28e   Data           1  os_dbg.o(.constdata)
    OSDbg_TaskSuspendEn                      0x0800c28f   Data           1  os_dbg.o(.constdata)
    OSDbg_TCBSize                            0x0800c290   Data           2  os_dbg.o(.constdata)
    OSDbg_TickListSize                       0x0800c292   Data           2  os_dbg.o(.constdata)
    OSDbg_TimeDlyHMSMEn                      0x0800c294   Data           1  os_dbg.o(.constdata)
    OSDbg_TimeDlyResumeEn                    0x0800c295   Data           1  os_dbg.o(.constdata)
    OSDbg_TLS_TblSize                        0x0800c296   Data           2  os_dbg.o(.constdata)
    OSDbg_Tmr                                0x0800c298   Data          48  os_dbg.o(.constdata)
    OSDbg_TmrEn                              0x0800c2c8   Data           1  os_dbg.o(.constdata)
    OSDbg_TmrDelEn                           0x0800c2c9   Data           1  os_dbg.o(.constdata)
    OSDbg_TmrSize                            0x0800c2ca   Data           2  os_dbg.o(.constdata)
    OSDbg_VersionNbr                         0x0800c2cc   Data           2  os_dbg.o(.constdata)
    OSDbg_DataSize                           0x0800c2d0   Data           4  os_dbg.o(.constdata)
    Region$$Table$$Base                      0x0800c4dc   Number         0  anon$$obj.o(Region$$Table)
    Region$$Table$$Limit                     0x0800c4fc   Number         0  anon$$obj.o(Region$$Table)
    __ctype                                  0x0800c525   Data           0  lc_ctype_c.o(locale$$data)
    mem3base                                 0x10000000   Data       61440  malloc.o(.ARM.__AT_0x10000000)
    mem3mapbase                              0x1000f000   Data        3840  malloc.o(.ARM.__AT_0x1000F000)
    SystemCoreClock                          0x20000000   Data           4  system_stm32f4xx.o(.data)
    AHBPrescTable                            0x20000004   Data          16  system_stm32f4xx.o(.data)
    set_angle                                0x20000014   Data           8  pid.o(.data)
    set_x_spd                                0x2000001c   Data           4  pid.o(.data)
    set_y_spd                                0x20000020   Data           4  pid.o(.data)
    set_x_loc                                0x20000024   Data           4  pid.o(.data)
    set_y_loc                                0x20000028   Data           4  pid.o(.data)
    Mode                                     0x2000002c   Data          16  pid.o(.data)
    l_out                                    0x2000003c   Data           4  pid.o(.data)
    ll_loc                                   0x20000040   Data           4  pid.o(.data)
    rl_loc                                   0x20000044   Data           4  pid.o(.data)
    v_out                                    0x20000048   Data           4  pid.o(.data)
    Is_USART_Key_Receive                     0x20000060   Data           1  usart.o(.data)
    Key_RxBuffer                             0x20000080   Data           1  usart.o(.data)
    QR_Code_TxBuffer                         0x20000081   Data           9  usart.o(.data)
    TITLE1                                   0x2000008a   Data           1  usart.o(.data)
    TITLE2                                   0x2000008b   Data           1  usart.o(.data)
    ball_x_loc                               0x2000008c   Data           4  usart.o(.data)
    ball_y_loc                               0x20000090   Data           4  usart.o(.data)
    ball_x_spd                               0x20000094   Data           4  usart.o(.data)
    ball_y_spd                               0x20000098   Data           4  usart.o(.data)
    pwm_structs                              0x200000a0   Data         192  pwm.o(.data)
    POINT_COLOR                              0x20000160   Data           2  lcd.o(.data)
    BACK_COLOR                               0x20000162   Data           2  lcd.o(.data)
    tp_dev                                   0x20000164   Data          52  touch.o(.data)
    CMD_RDX                                  0x20000198   Data           1  touch.o(.data)
    CMD_RDY                                  0x20000199   Data           1  touch.o(.data)
    use_touch_adj_data                       0x2000019a   Data           1  touch.o(.data)
    TSL1401_State                            0x2000019c   Data          80  ccd.o(.data)
    TSL1401_Mode                             0x200001ec   Data           1  ccd.o(.data)
    TSL1401_Is_Find_ADC_Threshold            0x200001ed   Data           1  ccd.o(.data)
    TSL1401_Is_Find_Line_Threshold           0x200001ee   Data           1  ccd.o(.data)
    TSL1401_cnt                              0x200001f0   Data           2  ccd.o(.data)
    ADC_ConvertedValue                       0x200001f2   Data           8  ccd.o(.data)
    TSL1401_ADC_Buffer_Idx                   0x200001fa   Data           1  ccd.o(.data)
    TSL1401_Hash_Table                       0x200001fb   Data           4  ccd.o(.data)
    mallco_dev                               0x20000200   Data          36  malloc.o(.data)
    TransferError                            0x2000022e   Data           1  sdio_sdcard.o(.data)
    TransferEnd                              0x2000022f   Data           1  sdio_sdcard.o(.data)
    tempbuff                                 0x20000230   Data           4  sdio_sdcard.o(.data)
    Can_Data_Num                             0x20000238   Data           1  can_database.o(.data)
    CtrlCurrent                              0x20000240   Data           8  can_database.o(.data)
    Angle                                    0x20000248   Data           4  can_database.o(.data)
    Angle_up                                 0x2000024c   Data           2  can_database.o(.data)
    Angle_down                               0x2000024e   Data           2  can_database.o(.data)
    MISO_GYRO_RAD                            0x20000250   Data           8  can_database.o(.data)
    MR2_StartFlag                            0x20000258   Data           1  can_database.o(.data)
    MR2_RiseFlag                             0x20000259   Data           1  can_database.o(.data)
    Cylinder_Flag                            0x2000025a   Data           1  can_database.o(.data)
    Ang_up                                   0x2000025c   Data           4  can_database.o(.data)
    Ang_down                                 0x20000260   Data           4  can_database.o(.data)
    MOSI_CMD                                 0x20000264   Data           1  can_database.o(.data)
    MISO_CMD                                 0x20000265   Data           1  can_database.o(.data)
    MOSI_GPS_X                               0x20000268   Data           8  can_database.o(.data)
    MOSI_GPS_Y                               0x20000270   Data           8  can_database.o(.data)
    MOSI_GPS_ANG                             0x20000278   Data           8  can_database.o(.data)
    MOSI_GYRO_C1                             0x20000280   Data           8  can_database.o(.data)
    MOSI_GYRO_C2                             0x20000288   Data           8  can_database.o(.data)
    MOSI_ENC_COEFF                           0x20000290   Data           8  can_database.o(.data)
    MISO_GPS_X                               0x20000298   Data           8  can_database.o(.data)
    MISO_GPS_Y                               0x200002a0   Data           8  can_database.o(.data)
    MISO_GPS_ANG                             0x200002a8   Data           8  can_database.o(.data)
    MISO_GYRO_C1                             0x200002b0   Data           8  can_database.o(.data)
    MISO_GYRO_C2                             0x200002b8   Data           8  can_database.o(.data)
    MISO_ENC1_C1                             0x200002c0   Data           8  can_database.o(.data)
    MISO_ENC1_C2                             0x200002c8   Data           8  can_database.o(.data)
    MISO_ENC1_RAD                            0x200002d0   Data           8  can_database.o(.data)
    MISO_ENC1_ANG                            0x200002d8   Data           8  can_database.o(.data)
    MISO_ENC1_DIS                            0x200002e0   Data           8  can_database.o(.data)
    MISO_ENC2_C1                             0x200002e8   Data           8  can_database.o(.data)
    MISO_ENC2_C2                             0x200002f0   Data           8  can_database.o(.data)
    MISO_ENC2_RAD                            0x200002f8   Data           8  can_database.o(.data)
    MISO_ENC2_ANG                            0x20000300   Data           8  can_database.o(.data)
    MISO_ENC2_DIS                            0x20000308   Data           8  can_database.o(.data)
    MISO_GYRO_FLOAT                          0x20000310   Data           8  can_database.o(.data)
    MISO_GPS_ERROR                           0x20000318   Data           8  can_database.o(.data)
    M0SI_GPS                                 0x20000320   Data           8  can_database.o(.data)
    BALL_X_SHIFTED                           0x20000328   Data           4  can_database.o(.data)
    BALL_Y_SHIFTED                           0x2000032c   Data           4  can_database.o(.data)
    RestartFlag                              0x20000330   Data           1  can_database.o(.data)
    Can_Database                             0x20000334   Data         620  can_database.o(.data)
    HASH_TABLE                               0x200005a0   Data        2000  can_database.o(.data)
    CurrentMenu                              0x20000d70   Data           4  m_list.o(.data)
    MainMenu                                 0x20000d74   Data         160  m_list.o(.data)
    M_System                                 0x20000e14   Data         160  m_list.o(.data)
    M_FastDog                                0x20000eb4   Data         160  m_list.o(.data)
    KeyBoard_State                           0x20000f54   Data           1  m_func.o(.data)
    CPU_TS_TmrFreq_Hz                        0x20000f6c   Data           4  cpu_core.o(.data)
    OSPrioTbl                                0x20000f70   Data           8  os_prio.o(.data)
    OS_AppTaskCreateHookPtr                  0x20000f78   Data           4  os_var.o(.data)
    OS_AppTaskDelHookPtr                     0x20000f7c   Data           4  os_var.o(.data)
    OS_AppTaskReturnHookPtr                  0x20000f80   Data           4  os_var.o(.data)
    OS_AppIdleTaskHookPtr                    0x20000f84   Data           4  os_var.o(.data)
    OS_AppStatTaskHookPtr                    0x20000f88   Data           4  os_var.o(.data)
    OS_AppTaskSwHookPtr                      0x20000f8c   Data           4  os_var.o(.data)
    OS_AppTimeTickHookPtr                    0x20000f90   Data           4  os_var.o(.data)
    OSIdleTaskCtr                            0x20000f94   Data           4  os_var.o(.data)
    OSIntNestingCtr                          0x20000f98   Data           1  os_var.o(.data)
    OSRunning                                0x20000f99   Data           1  os_var.o(.data)
    OSFlagDbgListPtr                         0x20000f9c   Data           4  os_var.o(.data)
    OSFlagQty                                0x20000fa0   Data           2  os_var.o(.data)
    OSMemDbgListPtr                          0x20000fa4   Data           4  os_var.o(.data)
    OSMemQty                                 0x20000fa8   Data           2  os_var.o(.data)
    OSMutexDbgListPtr                        0x20000fac   Data           4  os_var.o(.data)
    OSMutexQty                               0x20000fb0   Data           2  os_var.o(.data)
    OSPrioCur                                0x20000fb2   Data           1  os_var.o(.data)
    OSPrioHighRdy                            0x20000fb3   Data           1  os_var.o(.data)
    OSPrioSaved                              0x20000fb4   Data           1  os_var.o(.data)
    OSQDbgListPtr                            0x20000fb8   Data           4  os_var.o(.data)
    OSQQty                                   0x20000fbc   Data           2  os_var.o(.data)
    OSSchedLockTimeBegin                     0x20000fc0   Data           4  os_var.o(.data)
    OSSchedLockTimeMax                       0x20000fc4   Data           4  os_var.o(.data)
    OSSchedLockTimeMaxCur                    0x20000fc8   Data           4  os_var.o(.data)
    OSSchedLockNestingCtr                    0x20000fcc   Data           1  os_var.o(.data)
    OSSchedRoundRobinDfltTimeQuanta          0x20000fd0   Data           4  os_var.o(.data)
    OSSchedRoundRobinEn                      0x20000fd4   Data           1  os_var.o(.data)
    OSSemDbgListPtr                          0x20000fd8   Data           4  os_var.o(.data)
    OSSemQty                                 0x20000fdc   Data           2  os_var.o(.data)
    OSStatResetFlag                          0x20000fde   Data           1  os_var.o(.data)
    OSStatTaskCPUUsage                       0x20000fe0   Data           2  os_var.o(.data)
    OSStatTaskCPUUsageMax                    0x20000fe2   Data           2  os_var.o(.data)
    OSStatTaskCtr                            0x20000fe4   Data           4  os_var.o(.data)
    OSStatTaskCtrMax                         0x20000fe8   Data           4  os_var.o(.data)
    OSStatTaskCtrRun                         0x20000fec   Data           4  os_var.o(.data)
    OSStatTaskRdy                            0x20000ff0   Data           1  os_var.o(.data)
    OSStatTaskTimeMax                        0x20000ff4   Data           4  os_var.o(.data)
    OSTaskCtxSwCtr                           0x20000ff8   Data           4  os_var.o(.data)
    OSTaskDbgListPtr                         0x20000ffc   Data           4  os_var.o(.data)
    OSTaskQty                                0x20001000   Data           2  os_var.o(.data)
    OSTaskRegNextAvailID                     0x20001002   Data           1  os_var.o(.data)
    OSTickCtr                                0x20001004   Data           4  os_var.o(.data)
    OSTickTaskTimeMax                        0x20001008   Data           4  os_var.o(.data)
    OSTickListDly                            0x2000100c   Data           8  os_var.o(.data)
    OSTickListTimeout                        0x20001014   Data           8  os_var.o(.data)
    OSTmrDbgListPtr                          0x2000101c   Data           4  os_var.o(.data)
    OSTmrListEntries                         0x20001020   Data           2  os_var.o(.data)
    OSTmrListPtr                             0x20001024   Data           4  os_var.o(.data)
    OSTmrQty                                 0x20001028   Data           2  os_var.o(.data)
    OSTmrTaskTimeMax                         0x2000102c   Data           4  os_var.o(.data)
    OSTmrTickCtr                             0x20001030   Data           4  os_var.o(.data)
    OSTmrUpdateCnt                           0x20001034   Data           4  os_var.o(.data)
    OSTmrUpdateCtr                           0x20001038   Data           4  os_var.o(.data)
    OSTCBCurPtr                              0x2000103c   Data           4  os_var.o(.data)
    OSTCBHighRdyPtr                          0x20001040   Data           4  os_var.o(.data)
    OS_CPU_ExceptStkBase                     0x20001044   Data           4  os_cpu_c.o(.data)
    StartTaskTCB                             0x20001048   Data         192  main.o(.bss)
    START_TASK_STK                           0x20001108   Data        2048  main.o(.bss)
    LCDTaskTCB                               0x20001908   Data         192  main.o(.bss)
    LCD_TASK_STK                             0x200019c8   Data        2048  main.o(.bss)
    Led0TaskTCB                              0x200021c8   Data         192  main.o(.bss)
    LED0_TASK_STK                            0x20002288   Data         512  main.o(.bss)
    Led1TaskTCB                              0x20002488   Data         192  main.o(.bss)
    LED1_TASK_STK                            0x20002548   Data         512  main.o(.bss)
    moto_chassis                             0x20002748   Data         224  pid.o(.bss)
    set_spd                                  0x20002828   Data          16  pid.o(.bss)
    set_loc                                  0x20002838   Data          32  pid.o(.bss)
    pid_spd                                  0x20002858   Data         432  pid.o(.bss)
    pid_loc                                  0x20002a08   Data         432  pid.o(.bss)
    pid_x_spd                                0x20002bb8   Data         108  pid.o(.bss)
    pid_y_spd                                0x20002c24   Data         108  pid.o(.bss)
    pid_x_loc                                0x20002c90   Data         108  pid.o(.bss)
    pid_y_loc                                0x20002cfc   Data         108  pid.o(.bss)
    Handle_RxBuffer                          0x20002d80   Data          12  usart.o(.bss)
    Gyro_RxBuffer                            0x20002da0   Data          11  usart.o(.bss)
    OMV_RxBuffer                             0x20002dc0   Data          10  usart.o(.bss)
    QR_Code_RxBuffer                         0x20002de0   Data          11  usart.o(.bss)
    lcddev                                   0x20002df6   Data          14  lcd.o(.bss)
    LCD_Table                                0x20002e04   Data         340  lcd.o(.bss)
    TSL1401_ADC_Buffer                       0x20002f58   Data        1024  ccd.o(.bss)
    QEI_overflow_cnt                         0x20003358   Data          16  qei.o(.bss)
    mem1base                                 0x20003380   Data       102400  malloc.o(.bss)
    mem1mapbase                              0x2001c380   Data        6400  malloc.o(.bss)
    SDIO_InitStructure                       0x2001dc80   Data          24  sdio_sdcard.o(.bss)
    SDIO_CmdInitStructure                    0x2001dc98   Data          20  sdio_sdcard.o(.bss)
    SDIO_DataInitStructure                   0x2001dcac   Data          24  sdio_sdcard.o(.bss)
    SDCardInfo                               0x2001dce8   Data          88  sdio_sdcard.o(.bss)
    SDIO_DATA_BUFFER                         0x2001dd40   Data         512  sdio_sdcard.o(.bss)
    Motor2Stm                                0x2001df40   Data          32  can_database.o(.bss)
    CPU_Name                                 0x2001df60   Data          16  cpu_core.o(.bss)
    OSCfg_IdleTaskStk                        0x2001df70   Data         512  os_cfg_app.o(.bss)
    OSCfg_ISRStk                             0x2001e170   Data         512  os_cfg_app.o(.bss)
    OSCfg_MsgPool                            0x2001e370   Data        1600  os_cfg_app.o(.bss)
    OSCfg_StatTaskStk                        0x2001e9b0   Data         512  os_cfg_app.o(.bss)
    OSCfg_TickTaskStk                        0x2001ebb0   Data         512  os_cfg_app.o(.bss)
    OSCfg_TmrTaskStk                         0x2001edb0   Data         512  os_cfg_app.o(.bss)
    OSIdleTaskTCB                            0x2001efb0   Data         192  os_var.o(.bss)
    OSMsgPool                                0x2001f070   Data          12  os_var.o(.bss)
    OSRdyList                                0x2001f07c   Data         768  os_var.o(.bss)
    OSStatTaskTCB                            0x2001f37c   Data         192  os_var.o(.bss)
    OSTickTaskTCB                            0x2001f43c   Data         192  os_var.o(.bss)
    OSTmrMutex                               0x2001f4fc   Data          44  os_var.o(.bss)
    OSTmrTaskTCB                             0x2001f528   Data         192  os_var.o(.bss)
    Gyro                                     0x2001f5e8   Data          24  gyro.o(.bss)
    GPS                                      0x2001f600   Data          24  gps.o(.bss)
    Encoder                                  0x2001f618   Data          80  encoder.o(.bss)
    __libspace_start                         0x2001f668   Data          96  libspace.o(.bss)
    __temporary_stack_top$libspace           0x2001f6c8   Data           0  libspace.o(.bss)
    mem2base                                 0x68000000   Data       983040  malloc.o(.ARM.__AT_0x68000000)
    mem2mapbase                              0x680f0000   Data       61440  malloc.o(.ARM.__AT_0x680F0000)



==============================================================================

Memory Map of the image

  Image Entry point : 0x08000189

  Load Region LR_IROM1 (Base: 0x08000000, Size: 0x0000d670, Max: 0x00100000, ABSOLUTE, COMPRESSED[0x0000c860])

    Execution Region ER_IROM1 (Exec base: 0x08000000, Load base: 0x08000000, Size: 0x0000c628, Max: 0x00100000, ABSOLUTE)

    Exec Addr    Load Addr    Size         Type   Attr      Idx    E Section Name        Object

    0x08000000   0x08000000   0x00000188   Data   RO         3081    RESET               startup_stm32f40_41xxx.o
    0x08000188   0x08000188   0x00000008   Code   RO        12331  * !!!main             c_w.l(__main.o)
    0x08000190   0x08000190   0x00000034   Code   RO        13119    !!!scatter          c_w.l(__scatter.o)
    0x080001c4   0x080001c4   0x0000005a   Code   RO        13117    !!dczerorl2         c_w.l(__dczerorl2.o)
    0x0800021e   0x0800021e   0x00000002   PAD
    0x08000220   0x08000220   0x0000001c   Code   RO        13121    !!handler_zi        c_w.l(__scatter_zi.o)
    0x0800023c   0x0800023c   0x00000000   Code   RO        12306    .ARM.Collect$$_printf_percent$$00000000  c_w.l(_printf_percent.o)
    0x0800023c   0x0800023c   0x00000006   Code   RO        12651    .ARM.Collect$$_printf_percent$$00000001  c_w.l(_printf_n.o)
    0x08000242   0x08000242   0x00000006   Code   RO        12652    .ARM.Collect$$_printf_percent$$00000002  c_w.l(_printf_p.o)
    0x08000248   0x08000248   0x00000006   Code   RO        12305    .ARM.Collect$$_printf_percent$$00000003  c_w.l(_printf_f.o)
    0x0800024e   0x0800024e   0x00000006   Code   RO        12655    .ARM.Collect$$_printf_percent$$00000004  c_w.l(_printf_e.o)
    0x08000254   0x08000254   0x00000006   Code   RO        12656    .ARM.Collect$$_printf_percent$$00000005  c_w.l(_printf_g.o)
    0x0800025a   0x0800025a   0x00000006   Code   RO        12657    .ARM.Collect$$_printf_percent$$00000006  c_w.l(_printf_a.o)
    0x08000260   0x08000260   0x0000000a   Code   RO        12662    .ARM.Collect$$_printf_percent$$00000007  c_w.l(_printf_ll.o)
    0x0800026a   0x0800026a   0x00000006   Code   RO        12654    .ARM.Collect$$_printf_percent$$00000008  c_w.l(_printf_i.o)
    0x08000270   0x08000270   0x00000006   Code   RO        12303    .ARM.Collect$$_printf_percent$$00000009  c_w.l(_printf_d.o)
    0x08000276   0x08000276   0x00000006   Code   RO        12304    .ARM.Collect$$_printf_percent$$0000000A  c_w.l(_printf_u.o)
    0x0800027c   0x0800027c   0x00000006   Code   RO        12653    .ARM.Collect$$_printf_percent$$0000000B  c_w.l(_printf_o.o)
    0x08000282   0x08000282   0x00000006   Code   RO        12302    .ARM.Collect$$_printf_percent$$0000000C  c_w.l(_printf_x.o)
    0x08000288   0x08000288   0x00000006   Code   RO        12659    .ARM.Collect$$_printf_percent$$0000000D  c_w.l(_printf_lli.o)
    0x0800028e   0x0800028e   0x00000006   Code   RO        12660    .ARM.Collect$$_printf_percent$$0000000E  c_w.l(_printf_lld.o)
    0x08000294   0x08000294   0x00000006   Code   RO        12661    .ARM.Collect$$_printf_percent$$0000000F  c_w.l(_printf_llu.o)
    0x0800029a   0x0800029a   0x00000006   Code   RO        12666    .ARM.Collect$$_printf_percent$$00000010  c_w.l(_printf_llo.o)
    0x080002a0   0x080002a0   0x00000006   Code   RO        12667    .ARM.Collect$$_printf_percent$$00000011  c_w.l(_printf_llx.o)
    0x080002a6   0x080002a6   0x0000000a   Code   RO        12663    .ARM.Collect$$_printf_percent$$00000012  c_w.l(_printf_l.o)
    0x080002b0   0x080002b0   0x00000006   Code   RO        12649    .ARM.Collect$$_printf_percent$$00000013  c_w.l(_printf_c.o)
    0x080002b6   0x080002b6   0x00000006   Code   RO        12650    .ARM.Collect$$_printf_percent$$00000014  c_w.l(_printf_s.o)
    0x080002bc   0x080002bc   0x00000006   Code   RO        12664    .ARM.Collect$$_printf_percent$$00000015  c_w.l(_printf_lc.o)
    0x080002c2   0x080002c2   0x00000006   Code   RO        12665    .ARM.Collect$$_printf_percent$$00000016  c_w.l(_printf_ls.o)
    0x080002c8   0x080002c8   0x00000004   Code   RO        12658    .ARM.Collect$$_printf_percent$$00000017  c_w.l(_printf_percent_end.o)
    0x080002cc   0x080002cc   0x00000002   Code   RO        12929    .ARM.Collect$$libinit$$00000000  c_w.l(libinit.o)
    0x080002ce   0x080002ce   0x00000004   Code   RO        12930    .ARM.Collect$$libinit$$00000001  c_w.l(libinit2.o)
    0x080002d2   0x080002d2   0x00000000   Code   RO        12933    .ARM.Collect$$libinit$$00000004  c_w.l(libinit2.o)
    0x080002d2   0x080002d2   0x00000000   Code   RO        12936    .ARM.Collect$$libinit$$0000000A  c_w.l(libinit2.o)
    0x080002d2   0x080002d2   0x00000000   Code   RO        12938    .ARM.Collect$$libinit$$0000000C  c_w.l(libinit2.o)
    0x080002d2   0x080002d2   0x00000000   Code   RO        12940    .ARM.Collect$$libinit$$0000000E  c_w.l(libinit2.o)
    0x080002d2   0x080002d2   0x00000006   Code   RO        12941    .ARM.Collect$$libinit$$0000000F  c_w.l(libinit2.o)
    0x080002d8   0x080002d8   0x00000000   Code   RO        12943    .ARM.Collect$$libinit$$00000011  c_w.l(libinit2.o)
    0x080002d8   0x080002d8   0x0000000c   Code   RO        12944    .ARM.Collect$$libinit$$00000012  c_w.l(libinit2.o)
    0x080002e4   0x080002e4   0x00000000   Code   RO        12945    .ARM.Collect$$libinit$$00000013  c_w.l(libinit2.o)
    0x080002e4   0x080002e4   0x00000000   Code   RO        12947    .ARM.Collect$$libinit$$00000015  c_w.l(libinit2.o)
    0x080002e4   0x080002e4   0x0000000a   Code   RO        12948    .ARM.Collect$$libinit$$00000016  c_w.l(libinit2.o)
    0x080002ee   0x080002ee   0x00000000   Code   RO        12949    .ARM.Collect$$libinit$$00000017  c_w.l(libinit2.o)
    0x080002ee   0x080002ee   0x00000000   Code   RO        12951    .ARM.Collect$$libinit$$00000019  c_w.l(libinit2.o)
    0x080002ee   0x080002ee   0x00000000   Code   RO        12953    .ARM.Collect$$libinit$$0000001B  c_w.l(libinit2.o)
    0x080002ee   0x080002ee   0x00000000   Code   RO        12955    .ARM.Collect$$libinit$$0000001D  c_w.l(libinit2.o)
    0x080002ee   0x080002ee   0x00000000   Code   RO        12957    .ARM.Collect$$libinit$$0000001F  c_w.l(libinit2.o)
    0x080002ee   0x080002ee   0x00000000   Code   RO        12959    .ARM.Collect$$libinit$$00000021  c_w.l(libinit2.o)
    0x080002ee   0x080002ee   0x00000000   Code   RO        12961    .ARM.Collect$$libinit$$00000023  c_w.l(libinit2.o)
    0x080002ee   0x080002ee   0x00000000   Code   RO        12963    .ARM.Collect$$libinit$$00000025  c_w.l(libinit2.o)
    0x080002ee   0x080002ee   0x00000000   Code   RO        12967    .ARM.Collect$$libinit$$0000002C  c_w.l(libinit2.o)
    0x080002ee   0x080002ee   0x00000000   Code   RO        12969    .ARM.Collect$$libinit$$0000002E  c_w.l(libinit2.o)
    0x080002ee   0x080002ee   0x00000000   Code   RO        12971    .ARM.Collect$$libinit$$00000030  c_w.l(libinit2.o)
    0x080002ee   0x080002ee   0x00000000   Code   RO        12973    .ARM.Collect$$libinit$$00000032  c_w.l(libinit2.o)
    0x080002ee   0x080002ee   0x00000002   Code   RO        12974    .ARM.Collect$$libinit$$00000033  c_w.l(libinit2.o)
    0x080002f0   0x080002f0   0x00000002   Code   RO        13098    .ARM.Collect$$libshutdown$$00000000  c_w.l(libshutdown.o)
    0x080002f2   0x080002f2   0x00000000   Code   RO        12976    .ARM.Collect$$libshutdown$$00000002  c_w.l(libshutdown2.o)
    0x080002f2   0x080002f2   0x00000000   Code   RO        12978    .ARM.Collect$$libshutdown$$00000004  c_w.l(libshutdown2.o)
    0x080002f2   0x080002f2   0x00000000   Code   RO        12981    .ARM.Collect$$libshutdown$$00000007  c_w.l(libshutdown2.o)
    0x080002f2   0x080002f2   0x00000000   Code   RO        12984    .ARM.Collect$$libshutdown$$0000000A  c_w.l(libshutdown2.o)
    0x080002f2   0x080002f2   0x00000000   Code   RO        12986    .ARM.Collect$$libshutdown$$0000000C  c_w.l(libshutdown2.o)
    0x080002f2   0x080002f2   0x00000000   Code   RO        12989    .ARM.Collect$$libshutdown$$0000000F  c_w.l(libshutdown2.o)
    0x080002f2   0x080002f2   0x00000002   Code   RO        12990    .ARM.Collect$$libshutdown$$00000010  c_w.l(libshutdown2.o)
    0x080002f4   0x080002f4   0x00000000   Code   RO        12615    .ARM.Collect$$rtentry$$00000000  c_w.l(__rtentry.o)
    0x080002f4   0x080002f4   0x00000000   Code   RO        12752    .ARM.Collect$$rtentry$$00000002  c_w.l(__rtentry2.o)
    0x080002f4   0x080002f4   0x00000006   Code   RO        12764    .ARM.Collect$$rtentry$$00000004  c_w.l(__rtentry4.o)
    0x080002fa   0x080002fa   0x00000000   Code   RO        12754    .ARM.Collect$$rtentry$$00000009  c_w.l(__rtentry2.o)
    0x080002fa   0x080002fa   0x00000004   Code   RO        12755    .ARM.Collect$$rtentry$$0000000A  c_w.l(__rtentry2.o)
    0x080002fe   0x080002fe   0x00000000   Code   RO        12757    .ARM.Collect$$rtentry$$0000000C  c_w.l(__rtentry2.o)
    0x080002fe   0x080002fe   0x00000008   Code   RO        12758    .ARM.Collect$$rtentry$$0000000D  c_w.l(__rtentry2.o)
    0x08000306   0x08000306   0x00000002   Code   RO        12996    .ARM.Collect$$rtexit$$00000000  c_w.l(rtexit.o)
    0x08000308   0x08000308   0x00000000   Code   RO        13049    .ARM.Collect$$rtexit$$00000002  c_w.l(rtexit2.o)
    0x08000308   0x08000308   0x00000004   Code   RO        13050    .ARM.Collect$$rtexit$$00000003  c_w.l(rtexit2.o)
    0x0800030c   0x0800030c   0x00000006   Code   RO        13051    .ARM.Collect$$rtexit$$00000004  c_w.l(rtexit2.o)
    0x08000312   0x08000312   0x00000002   PAD
    0x08000314   0x08000314   0x00000040   Code   RO         3082    .text               startup_stm32f40_41xxx.o
    0x08000354   0x08000354   0x00000034   Code   RO        10042    .text               cpu_a.o
    0x08000388   0x08000388   0x00000024   Code   RO        12245    .text               c_w.l(vsprintf.o)
    0x080003ac   0x080003ac   0x0000002c   Code   RO        12249    .text               c_w.l(__2sprintf.o)
    0x080003d8   0x080003d8   0x0000004e   Code   RO        12257    .text               c_w.l(_printf_pad.o)
    0x08000426   0x08000426   0x00000002   PAD
    0x08000428   0x08000428   0x00000078   Code   RO        12259    .text               c_w.l(_printf_dec.o)
    0x080004a0   0x080004a0   0x00000094   Code   RO        12279    .text               c_w.l(_printf_hex_int_ll_ptr.o)
    0x08000534   0x08000534   0x00000188   Code   RO        12299    .text               c_w.l(__printf_flags_ss_wp.o)
    0x080006bc   0x080006bc   0x0000004e   Code   RO        12325    .text               c_w.l(rt_memclr_w.o)
    0x0800070a   0x0800070a   0x00000002   PAD
    0x0800070c   0x0800070c   0x00000080   Code   RO        12327    .text               c_w.l(strcmpv7m.o)
    0x0800078c   0x0800078c   0x00000006   Code   RO        12329    .text               c_w.l(heapauxi.o)
    0x08000792   0x08000792   0x00000016   Code   RO        12620    .text               c_w.l(_rserrno.o)
    0x080007a8   0x080007a8   0x00000024   Code   RO        12622    .text               c_w.l(_printf_truncate.o)
    0x080007cc   0x080007cc   0x00000052   Code   RO        12624    .text               c_w.l(_printf_str.o)
    0x0800081e   0x0800081e   0x000000b2   Code   RO        12626    .text               c_w.l(_printf_intcommon.o)
    0x080008d0   0x080008d0   0x00000028   Code   RO        12628    .text               c_w.l(_printf_charcount.o)
    0x080008f8   0x080008f8   0x0000041e   Code   RO        12630    .text               c_w.l(_printf_fp_dec.o)
    0x08000d16   0x08000d16   0x00000002   PAD
    0x08000d18   0x08000d18   0x00000030   Code   RO        12632    .text               c_w.l(_printf_char_common.o)
    0x08000d48   0x08000d48   0x0000000a   Code   RO        12634    .text               c_w.l(_sputc.o)
    0x08000d52   0x08000d52   0x00000002   PAD
    0x08000d54   0x08000d54   0x000000bc   Code   RO        12638    .text               c_w.l(_printf_wctomb.o)
    0x08000e10   0x08000e10   0x0000007c   Code   RO        12641    .text               c_w.l(_printf_longlong_dec.o)
    0x08000e8c   0x08000e8c   0x00000070   Code   RO        12647    .text               c_w.l(_printf_oct_int_ll.o)
    0x08000efc   0x08000efc   0x00000008   Code   RO        12771    .text               c_w.l(rt_locale_intlibspace.o)
    0x08000f04   0x08000f04   0x00000008   Code   RO        12776    .text               c_w.l(rt_errno_addr_intlibspace.o)
    0x08000f0c   0x08000f0c   0x0000008a   Code   RO        12778    .text               c_w.l(lludiv10.o)
    0x08000f96   0x08000f96   0x00000002   PAD
    0x08000f98   0x08000f98   0x000002fc   Code   RO        12780    .text               c_w.l(_printf_fp_hex.o)
    0x08001294   0x08001294   0x00000080   Code   RO        12783    .text               c_w.l(_printf_fp_infnan.o)
    0x08001314   0x08001314   0x0000002c   Code   RO        12787    .text               c_w.l(_printf_char.o)
    0x08001340   0x08001340   0x0000002c   Code   RO        12789    .text               c_w.l(_printf_wchar.o)
    0x0800136c   0x0800136c   0x000000e4   Code   RO        12791    .text               c_w.l(bigflt0.o)
    0x08001450   0x08001450   0x00000040   Code   RO        12824    .text               c_w.l(_wcrtomb.o)
    0x08001490   0x08001490   0x00000008   Code   RO        12838    .text               c_w.l(libspace.o)
    0x08001498   0x08001498   0x0000004a   Code   RO        12843    .text               c_w.l(sys_stackheap_outer.o)
    0x080014e2   0x080014e2   0x00000002   PAD
    0x080014e4   0x080014e4   0x00000010   Code   RO        12845    .text               c_w.l(rt_ctype_table.o)
    0x080014f4   0x080014f4   0x00000012   Code   RO        12914    .text               c_w.l(exit.o)
    0x08001506   0x08001506   0x00000002   Code   RO        12993    .text               c_w.l(use_no_semi.o)
    0x08001508   0x08001508   0x00000000   Code   RO        12995    .text               c_w.l(indicate_semi.o)
    0x08001508   0x08001508   0x0000000c   Code   RO        13046    .text               c_w.l(sys_exit.o)
    0x08001514   0x08001514   0x0000003e   Code   RO        12794    CL$$btod_d2e        c_w.l(btod.o)
    0x08001552   0x08001552   0x00000046   Code   RO        12796    CL$$btod_d2e_denorm_low  c_w.l(btod.o)
    0x08001598   0x08001598   0x00000060   Code   RO        12795    CL$$btod_d2e_norm_op1  c_w.l(btod.o)
    0x080015f8   0x080015f8   0x00000338   Code   RO        12804    CL$$btod_div_common  c_w.l(btod.o)
    0x08001930   0x08001930   0x000000dc   Code   RO        12801    CL$$btod_e2e        c_w.l(btod.o)
    0x08001a0c   0x08001a0c   0x0000002a   Code   RO        12798    CL$$btod_ediv       c_w.l(btod.o)
    0x08001a36   0x08001a36   0x0000002a   Code   RO        12797    CL$$btod_emul       c_w.l(btod.o)
    0x08001a60   0x08001a60   0x00000244   Code   RO        12803    CL$$btod_mult_common  c_w.l(btod.o)
    0x08001ca4   0x08001ca4   0x000000ac   Code   RO        11670    CODE                os_cpu_a.o
    0x08001d50   0x08001d50   0x0000000a   Code   RO         3165    i.ADC_SoftwareStartConv  stm32f4xx_adc.o
    0x08001d5a   0x08001d5a   0x0000000e   Code   RO         9867    i.BSP_CPU_ClkFreq   bsp.o
    0x08001d68   0x08001d68   0x00000004   Code   RO          378    i.BusFault_Handler  stm32f4xx_it.o
    0x08001d6c   0x08001d6c   0x000000d4   Code   RO         1941    i.CAN1_RX0_IRQHandler  can.o
    0x08001e40   0x08001e40   0x000000d4   Code   RO         1942    i.CAN1_RX1_IRQHandler  can.o
    0x08001f14   0x08001f14   0x00000060   Code   RO         1943    i.CAN2_RX0_IRQHandler  can.o
    0x08001f74   0x08001f74   0x00000060   Code   RO         1944    i.CAN2_RX1_IRQHandler  can.o
    0x08001fd4   0x08001fd4   0x00000070   Code   RO         1945    i.CAN_CAN_Config    can.o
    0x08002044   0x08002044   0x00000038   Code   RO         3378    i.CAN_DeInit        stm32f4xx_can.o
    0x0800207c   0x0800207c   0x00000108   Code   RO         3380    i.CAN_FilterInit    stm32f4xx_can.o
    0x08002184   0x08002184   0x00000012   Code   RO         3386    i.CAN_ITConfig      stm32f4xx_can.o
    0x08002196   0x08002196   0x00000114   Code   RO         3387    i.CAN_Init          stm32f4xx_can.o
    0x080022aa   0x080022aa   0x000000f0   Code   RO         3390    i.CAN_Receive       stm32f4xx_can.o
    0x0800239a   0x0800239a   0x00000002   PAD
    0x0800239c   0x0800239c   0x00000034   Code   RO         3391    i.CAN_SlaveStartBank  stm32f4xx_can.o
    0x080023d0   0x080023d0   0x00000126   Code   RO         3395    i.CAN_Transmit      stm32f4xx_can.o
    0x080024f6   0x080024f6   0x0000001c   Code   RO         1946    i.CANx_Init         can.o
    0x08002512   0x08002512   0x0000000c   Code   RO         9924    i.CPU_Init          cpu_core.o
    0x0800251e   0x0800251e   0x00000002   PAD
    0x08002520   0x08002520   0x00000030   Code   RO         9925    i.CPU_NameClr       cpu_core.o
    0x08002550   0x08002550   0x00000008   Code   RO         9927    i.CPU_NameInit      cpu_core.o
    0x08002558   0x08002558   0x00000014   Code   RO         9931    i.CPU_TS_Init       cpu_core.o
    0x0800256c   0x0800256c   0x0000000c   Code   RO         9933    i.CPU_TS_TmrFreqSet  cpu_core.o
    0x08002578   0x08002578   0x00000034   Code   RO         9869    i.CPU_TS_TmrInit    bsp.o
    0x080025ac   0x080025ac   0x0000000c   Code   RO         9870    i.CPU_TS_TmrRd      bsp.o
    0x080025b8   0x080025b8   0x00000388   Code   RO         1947    i.Can_FILTER_Config  can.o
    0x08002940   0x08002940   0x00000074   Code   RO         1948    i.Can_GPIO_Config   can.o
    0x080029b4   0x080029b4   0x00000034   Code   RO         1949    i.Can_IT_Config     can.o
    0x080029e8   0x080029e8   0x00000066   Code   RO         1950    i.Can_NVIC_Config   can.o
    0x08002a4e   0x08002a4e   0x00000002   PAD
    0x08002a50   0x08002a50   0x00000028   Code   RO         1951    i.Can_SendData      can.o
    0x08002a78   0x08002a78   0x00000020   Code   RO        11779    i.CheckFloat        command.o
    0x08002a98   0x08002a98   0x00000064   Code   RO         1549    i.CmdResp1Error     sdio_sdcard.o
    0x08002afc   0x08002afc   0x000000f4   Code   RO         1312    i.DMA2_Stream0_IRQHandler  ccd.o
    0x08002bf0   0x08002bf0   0x00000028   Code   RO          767    i.DMA2_Stream5_IRQHandler  usart.o
    0x08002c18   0x08002c18   0x00000028   Code   RO          768    i.DMA2_Stream7_IRQHandler  usart.o
    0x08002c40   0x08002c40   0x00000034   Code   RO         4207    i.DMA_ClearITPendingBit  stm32f4xx_dma.o
    0x08002c74   0x08002c74   0x00000016   Code   RO         4208    i.DMA_Cmd           stm32f4xx_dma.o
    0x08002c8a   0x08002c8a   0x00000002   PAD
    0x08002c8c   0x08002c8c   0x00000064   Code   RO         4218    i.DMA_GetITStatus   stm32f4xx_dma.o
    0x08002cf0   0x08002cf0   0x0000003a   Code   RO         4219    i.DMA_ITConfig      stm32f4xx_dma.o
    0x08002d2a   0x08002d2a   0x00000002   PAD
    0x08002d2c   0x08002d2c   0x00000058   Code   RO         4220    i.DMA_Init          stm32f4xx_dma.o
    0x08002d84   0x08002d84   0x00000004   Code   RO         4223    i.DMA_SetCurrDataCounter  stm32f4xx_dma.o
    0x08002d88   0x08002d88   0x00000094   Code   RO          769    i.Data_Processing   usart.o
    0x08002e1c   0x08002e1c   0x00000002   Code   RO          379    i.DebugMon_Handler  stm32f4xx_it.o
    0x08002e1e   0x08002e1e   0x00000002   PAD
    0x08002e20   0x08002e20   0x00000024   Code   RO          696    i.EXTI2_IRQHandler  exti.o
    0x08002e44   0x08002e44   0x00000038   Code   RO          697    i.EXTI3_IRQHandler  exti.o
    0x08002e7c   0x08002e7c   0x00000038   Code   RO          698    i.EXTI4_IRQHandler  exti.o
    0x08002eb4   0x08002eb4   0x0000006c   Code   RO          699    i.EXTI9_5_IRQHandler  exti.o
    0x08002f20   0x08002f20   0x000000e0   Code   RO          700    i.EXTIX_Init        exti.o
    0x08003000   0x08003000   0x0000000c   Code   RO         4335    i.EXTI_ClearITPendingBit  stm32f4xx_exti.o
    0x0800300c   0x0800300c   0x00000018   Code   RO         4339    i.EXTI_GetITStatus  stm32f4xx_exti.o
    0x08003024   0x08003024   0x00000094   Code   RO         4340    i.EXTI_Init         stm32f4xx_exti.o
    0x080030b8   0x080030b8   0x000003c4   Code   RO        11973    i.Encoder_Init_Con  encoder.o
    0x0800347c   0x0800347c   0x00000010   Code   RO        11974    i.Encoder_View      encoder.o
    0x0800348c   0x0800348c   0x00000090   Code   RO         4811    i.GPIO_Init         stm32f4xx_gpio.o
    0x0800351c   0x0800351c   0x00000046   Code   RO         4812    i.GPIO_PinAFConfig  stm32f4xx_gpio.o
    0x08003562   0x08003562   0x00000002   PAD
    0x08003564   0x08003564   0x00000014   Code   RO        11780    i.G_M_CMD_FUNC      command.o
    0x08003578   0x08003578   0x00000022   Code   RO          867    i.GetAPBx           pwm.o
    0x0800359a   0x0800359a   0x00000026   Code   RO          868    i.Get_AF            pwm.o
    0x080035c0   0x080035c0   0x00000090   Code   RO          870    i.Get_TIMx          pwm.o
    0x08003650   0x08003650   0x00000040   Code   RO          871    i.Get_TimRCC        pwm.o
    0x08003690   0x08003690   0x00000038   Code   RO         2230    i.GoKeyNum          m_func.o
    0x080036c8   0x080036c8   0x0000015c   Code   RO        11741    i.Gyro_CheckFloat   gyro.o
    0x08003824   0x08003824   0x00000404   Code   RO        11742    i.Gyro_Init         gyro.o
    0x08003c28   0x08003c28   0x00000002   Code   RO        11743    i.Gyro_Set          gyro.o
    0x08003c2a   0x08003c2a   0x00000004   Code   RO          380    i.HardFault_Handler  stm32f4xx_it.o
    0x08003c2e   0x08003c2e   0x00000002   PAD
    0x08003c30   0x08003c30   0x0000004c   Code   RO         1845    i.Hash_Table_init   can_database.o
    0x08003c7c   0x08003c7c   0x00000284   Code   RO         1178    i.Input_IntValue    touch.o
    0x08003f00   0x08003f00   0x00000040   Code   RO          747    i.KEY_Init          key.o
    0x08003f40   0x08003f40   0x000000ac   Code   RO         2231    i.KeyNumOperate     m_func.o
    0x08003fec   0x08003fec   0x00000028   Code   RO          946    i.LCD_Clear         lcd.o
    0x08004014   0x08004014   0x00000002   Code   RO          951    i.LCD_DrawLine      lcd.o
    0x08004016   0x08004016   0x00000002   Code   RO          952    i.LCD_DrawPoint     lcd.o
    0x08004018   0x08004018   0x00000002   Code   RO          954    i.LCD_Draw_Circle   lcd.o
    0x0800401a   0x0800401a   0x00000006   Code   RO          956    i.LCD_Fill          lcd.o
    0x08004020   0x08004020   0x0000000c   Code   RO          957    i.LCD_Init          lcd.o
    0x0800402c   0x0800402c   0x00000016   Code   RO          958    i.LCD_Pow           lcd.o
    0x08004042   0x08004042   0x00000002   Code   RO          964    i.LCD_Scan_Dir      lcd.o
    0x08004044   0x08004044   0x00000038   Code   RO          967    i.LCD_ShowChar      lcd.o
    0x0800407c   0x0800407c   0x00000094   Code   RO          968    i.LCD_ShowNum       lcd.o
    0x08004110   0x08004110   0x00000066   Code   RO          969    i.LCD_ShowString    lcd.o
    0x08004176   0x08004176   0x0000003c   Code   RO          976    i.LCD_printf        lcd.o
    0x080041b2   0x080041b2   0x00000002   PAD
    0x080041b4   0x080041b4   0x00000048   Code   RO          670    i.LED_Init          led.o
    0x080041fc   0x080041fc   0x00000014   Code   RO          671    i.LedOn             led.o
    0x08004210   0x08004210   0x00000004   Code   RO          381    i.MemManage_Handler  stm32f4xx_it.o
    0x08004214   0x08004214   0x00000012   Code   RO        10234    i.Mem_Clr           lib_mem.o
    0x08004226   0x08004226   0x00000054   Code   RO        10250    i.Mem_Set           lib_mem.o
    0x0800427a   0x0800427a   0x00000002   Code   RO          382    i.NMI_Handler       stm32f4xx_it.o
    0x0800427c   0x0800427c   0x00000078   Code   RO         3088    i.NVIC_Init         misc.o
    0x080042f4   0x080042f4   0x00000014   Code   RO         3089    i.NVIC_PriorityGroupConfig  misc.o
    0x08004308   0x08004308   0x00000002   Code   RO        10503    i.OSCfg_Init        os_cfg_app.o
    0x0800430a   0x0800430a   0x00000002   PAD
    0x0800430c   0x0800430c   0x00000014   Code   RO        11586    i.OSIdleTaskHook    os_cpu_c.o
    0x08004320   0x08004320   0x00000180   Code   RO        10526    i.OSInit            os_core.o
    0x080044a0   0x080044a0   0x00000028   Code   RO        11587    i.OSInitHook        os_cpu_c.o
    0x080044c8   0x080044c8   0x0000002c   Code   RO        10527    i.OSIntEnter        os_core.o
    0x080044f4   0x080044f4   0x000000dc   Code   RO        10528    i.OSIntExit         os_core.o
    0x080045d0   0x080045d0   0x00000088   Code   RO        10937    i.OSMutexCreate     os_mutex.o
    0x08004658   0x08004658   0x00000250   Code   RO        10939    i.OSMutexPend       os_mutex.o
    0x080048a8   0x080048a8   0x00000174   Code   RO        10941    i.OSMutexPost       os_mutex.o
    0x08004a1c   0x08004a1c   0x000000a0   Code   RO        10529    i.OSSched           os_core.o
    0x08004abc   0x08004abc   0x00000074   Code   RO        10530    i.OSSchedLock       os_core.o
    0x08004b30   0x08004b30   0x00000064   Code   RO        10531    i.OSSchedRoundRobinCfg  os_core.o
    0x08004b94   0x08004b94   0x00000094   Code   RO        10533    i.OSSchedUnlock     os_core.o
    0x08004c28   0x08004c28   0x00000068   Code   RO        10534    i.OSStart           os_core.o
    0x08004c90   0x08004c90   0x00000128   Code   RO        11184    i.OSStatReset       os_stat.o
    0x08004db8   0x08004db8   0x000000f0   Code   RO        11185    i.OSStatTaskCPUUsageInit  os_stat.o
    0x08004ea8   0x08004ea8   0x00000014   Code   RO        11588    i.OSStatTaskHook    os_cpu_c.o
    0x08004ebc   0x08004ebc   0x000001b4   Code   RO        11215    i.OSTaskCreate      os_task.o
    0x08005070   0x08005070   0x00000018   Code   RO        11589    i.OSTaskCreateHook  os_cpu_c.o
    0x08005088   0x08005088   0x00000128   Code   RO        11216    i.OSTaskDel         os_task.o
    0x080051b0   0x080051b0   0x00000018   Code   RO        11590    i.OSTaskDelHook     os_cpu_c.o
    0x080051c8   0x080051c8   0x00000068   Code   RO        11224    i.OSTaskResume      os_task.o
    0x08005230   0x08005230   0x00000018   Code   RO        11591    i.OSTaskReturnHook  os_cpu_c.o
    0x08005248   0x08005248   0x000001dc   Code   RO        11225    i.OSTaskSemPend     os_task.o
    0x08005424   0x08005424   0x0000003e   Code   RO        11227    i.OSTaskSemPost     os_task.o
    0x08005462   0x08005462   0x00000002   PAD
    0x08005464   0x08005464   0x000000d4   Code   RO        11229    i.OSTaskStkChk      os_task.o
    0x08005538   0x08005538   0x0000025c   Code   RO        11592    i.OSTaskStkInit     os_cpu_c.o
    0x08005794   0x08005794   0x00000038   Code   RO        11230    i.OSTaskSuspend     os_task.o
    0x080057cc   0x080057cc   0x00000088   Code   RO        11593    i.OSTaskSwHook      os_cpu_c.o
    0x08005854   0x08005854   0x000000b8   Code   RO        11434    i.OSTimeDly         os_time.o
    0x0800590c   0x0800590c   0x0000005c   Code   RO        11439    i.OSTimeTick        os_time.o
    0x08005968   0x08005968   0x00000014   Code   RO        11594    i.OSTimeTickHook    os_cpu_c.o
    0x0800597c   0x0800597c   0x000001a8   Code   RO        10760    i.OS_Dbg_Init       os_dbg.o
    0x08005b24   0x08005b24   0x00000018   Code   RO        10785    i.OS_FlagInit       os_flag.o
    0x08005b3c   0x08005b3c   0x00000044   Code   RO        10536    i.OS_IdleTask       os_core.o
    0x08005b80   0x08005b80   0x00000070   Code   RO        10537    i.OS_IdleTaskInit   os_core.o
    0x08005bf0   0x08005bf0   0x00000018   Code   RO        10869    i.OS_MemInit        os_mem.o
    0x08005c08   0x08005c08   0x0000007c   Code   RO        10901    i.OS_MsgPoolInit    os_msg.o
    0x08005c84   0x08005c84   0x00000044   Code   RO        10902    i.OS_MsgQFreeAll    os_msg.o
    0x08005cc8   0x08005cc8   0x0000000e   Code   RO        10904    i.OS_MsgQInit       os_msg.o
    0x08005cd6   0x08005cd6   0x00000002   PAD
    0x08005cd8   0x08005cd8   0x00000030   Code   RO        10943    i.OS_MutexDbgListAdd  os_mutex.o
    0x08005d08   0x08005d08   0x00000018   Code   RO        10945    i.OS_MutexInit      os_mutex.o
    0x08005d20   0x08005d20   0x00000068   Code   RO        10538    i.OS_Pend           os_core.o
    0x08005d88   0x08005d88   0x00000026   Code   RO        10541    i.OS_PendDataInit   os_core.o
    0x08005dae   0x08005dae   0x00000002   PAD
    0x08005db0   0x08005db0   0x0000005c   Code   RO        10542    i.OS_PendDbgNameAdd  os_core.o
    0x08005e0c   0x08005e0c   0x00000024   Code   RO        10543    i.OS_PendDbgNameRemove  os_core.o
    0x08005e30   0x08005e30   0x00000046   Code   RO        10544    i.OS_PendListChangePrio  os_core.o
    0x08005e76   0x08005e76   0x0000000a   Code   RO        10545    i.OS_PendListInit   os_core.o
    0x08005e80   0x08005e80   0x00000066   Code   RO        10547    i.OS_PendListInsertPrio  os_core.o
    0x08005ee6   0x08005ee6   0x00000030   Code   RO        10548    i.OS_PendListRemove  os_core.o
    0x08005f16   0x08005f16   0x00000042   Code   RO        10549    i.OS_PendListRemove1  os_core.o
    0x08005f58   0x08005f58   0x000000d6   Code   RO        10552    i.OS_Post           os_core.o
    0x0800602e   0x0800602e   0x0000002a   Code   RO        10553    i.OS_Post1          os_core.o
    0x08006058   0x08006058   0x00000028   Code   RO        11003    i.OS_PrioGetHighest  os_prio.o
    0x08006080   0x08006080   0x00000018   Code   RO        11004    i.OS_PrioInit       os_prio.o
    0x08006098   0x08006098   0x00000024   Code   RO        11005    i.OS_PrioInsert     os_prio.o
    0x080060bc   0x080060bc   0x00000024   Code   RO        11006    i.OS_PrioRemove     os_prio.o
    0x080060e0   0x080060e0   0x00000018   Code   RO        11049    i.OS_QInit          os_q.o
    0x080060f8   0x080060f8   0x00000024   Code   RO        10554    i.OS_RdyListInit    os_core.o
    0x0800611c   0x0800611c   0x0000002c   Code   RO        10555    i.OS_RdyListInsert  os_core.o
    0x08006148   0x08006148   0x00000040   Code   RO        10556    i.OS_RdyListInsertHead  os_core.o
    0x08006188   0x08006188   0x0000003c   Code   RO        10557    i.OS_RdyListInsertTail  os_core.o
    0x080061c4   0x080061c4   0x00000044   Code   RO        10558    i.OS_RdyListMoveHeadToTail  os_core.o
    0x08006208   0x08006208   0x0000005c   Code   RO        10559    i.OS_RdyListRemove  os_core.o
    0x08006264   0x08006264   0x0000001c   Code   RO        10560    i.OS_SchedLockTimeMeasStart  os_core.o
    0x08006280   0x08006280   0x0000003c   Code   RO        10561    i.OS_SchedLockTimeMeasStop  os_core.o
    0x080062bc   0x080062bc   0x000000d0   Code   RO        10562    i.OS_SchedRoundRobin  os_core.o
    0x0800638c   0x0800638c   0x00000018   Code   RO        11121    i.OS_SemInit        os_sem.o
    0x080063a4   0x080063a4   0x000002e8   Code   RO        11186    i.OS_StatTask       os_stat.o
    0x0800668c   0x0800668c   0x000000cc   Code   RO        11187    i.OS_StatTaskInit   os_stat.o
    0x08006758   0x08006758   0x0000002c   Code   RO        10563    i.OS_TaskBlock      os_core.o
    0x08006784   0x08006784   0x00000030   Code   RO        11232    i.OS_TaskDbgListAdd  os_task.o
    0x080067b4   0x080067b4   0x00000044   Code   RO        11233    i.OS_TaskDbgListRemove  os_task.o
    0x080067f8   0x080067f8   0x00000020   Code   RO        11234    i.OS_TaskInit       os_task.o
    0x08006818   0x08006818   0x000000bc   Code   RO        11235    i.OS_TaskInitTCB    os_task.o
    0x080068d4   0x080068d4   0x00000100   Code   RO        11237    i.OS_TaskResume     os_task.o
    0x080069d4   0x080069d4   0x00000018   Code   RO        11238    i.OS_TaskReturn     os_task.o
    0x080069ec   0x080069ec   0x000001c4   Code   RO        11239    i.OS_TaskSemPost    os_task.o
    0x08006bb0   0x08006bb0   0x00000118   Code   RO        11240    i.OS_TaskSuspend    os_task.o
    0x08006cc8   0x08006cc8   0x00000086   Code   RO        11382    i.OS_TickListInsert  os_tick.o
    0x08006d4e   0x08006d4e   0x00000002   PAD
    0x08006d50   0x08006d50   0x000000bc   Code   RO        11383    i.OS_TickListInsertDly  os_tick.o
    0x08006e0c   0x08006e0c   0x00000058   Code   RO        11384    i.OS_TickListRemove  os_tick.o
    0x08006e64   0x08006e64   0x00000002   Code   RO        11385    i.OS_TickListResetPeak  os_tick.o
    0x08006e66   0x08006e66   0x00000002   PAD
    0x08006e68   0x08006e68   0x00000098   Code   RO        11386    i.OS_TickListUpdateDly  os_tick.o
    0x08006f00   0x08006f00   0x000000d4   Code   RO        11387    i.OS_TickListUpdateTimeout  os_tick.o
    0x08006fd4   0x08006fd4   0x00000070   Code   RO        11388    i.OS_TickTask       os_tick.o
    0x08007044   0x08007044   0x000000c8   Code   RO        11389    i.OS_TickTaskInit   os_tick.o
    0x0800710c   0x0800710c   0x00000134   Code   RO        11485    i.OS_TmrInit        os_tmr.o
    0x08007240   0x08007240   0x00000018   Code   RO        11486    i.OS_TmrLock        os_tmr.o
    0x08007258   0x08007258   0x00000002   Code   RO        11487    i.OS_TmrResetPeak   os_tmr.o
    0x0800725a   0x0800725a   0x00000002   PAD
    0x0800725c   0x0800725c   0x00000094   Code   RO        11488    i.OS_TmrTask        os_tmr.o
    0x080072f0   0x080072f0   0x00000044   Code   RO        11489    i.OS_TmrUnlink      os_tmr.o
    0x08007334   0x08007334   0x00000014   Code   RO        11490    i.OS_TmrUnlock      os_tmr.o
    0x08007348   0x08007348   0x00000088   Code   RO          771    i.Optical_Flow_Receive_Prepare  usart.o
    0x080073d0   0x080073d0   0x0000000a   Code   RO          471    i.PID_01            pid.o
    0x080073da   0x080073da   0x0000000a   Code   RO          472    i.PID_02            pid.o
    0x080073e4   0x080073e4   0x0000000a   Code   RO          473    i.PID_03            pid.o
    0x080073ee   0x080073ee   0x0000000a   Code   RO          474    i.PID_04            pid.o
    0x080073f8   0x080073f8   0x000000f6   Code   RO          475    i.PID_DJI           pid.o
    0x080074ee   0x080074ee   0x00000002   PAD
    0x080074f0   0x080074f0   0x00000150   Code   RO          476    i.PID_DJI_Handler   pid.o
    0x08007640   0x08007640   0x00000110   Code   RO          477    i.PID_Init          pid.o
    0x08007750   0x08007750   0x00000048   Code   RO          480    i.PID_struct_init   pid.o
    0x08007798   0x08007798   0x00000080   Code   RO          872    i.PWM_Clk_Init      pwm.o
    0x08007818   0x08007818   0x00000060   Code   RO          873    i.PWM_GPIO_Init     pwm.o
    0x08007878   0x08007878   0x00000040   Code   RO          875    i.PWM_Init          pwm.o
    0x080078b8   0x080078b8   0x000000ec   Code   RO          876    i.PWM_OCInit        pwm.o
    0x080079a4   0x080079a4   0x00000020   Code   RO         5675    i.RCC_AHB1PeriphClockCmd  stm32f4xx_rcc.o
    0x080079c4   0x080079c4   0x00000020   Code   RO         5684    i.RCC_APB1PeriphClockCmd  stm32f4xx_rcc.o
    0x080079e4   0x080079e4   0x00000020   Code   RO         5686    i.RCC_APB1PeriphResetCmd  stm32f4xx_rcc.o
    0x08007a04   0x08007a04   0x00000020   Code   RO         5687    i.RCC_APB2PeriphClockCmd  stm32f4xx_rcc.o
    0x08007a24   0x08007a24   0x000000e8   Code   RO         5696    i.RCC_GetClocksFreq  stm32f4xx_rcc.o
    0x08007b0c   0x08007b0c   0x0000000c   Code   RO         6593    i.SDIO_ClearFlag    stm32f4xx_sdio.o
    0x08007b18   0x08007b18   0x00000018   Code   RO         6605    i.SDIO_GetFlagStatus  stm32f4xx_sdio.o
    0x08007b30   0x08007b30   0x00000008   Code   RO         1558    i.SDIO_IRQHandler   sdio_sdcard.o
    0x08007b38   0x08007b38   0x0000002c   Code   RO         6613    i.SDIO_SendCommand  stm32f4xx_sdio.o
    0x08007b64   0x08007b64   0x00000154   Code   RO         1568    i.SD_ProcessIRQSrc  sdio_sdcard.o
    0x08007cb8   0x08007cb8   0x00000002   Code   RO          383    i.SVC_Handler       stm32f4xx_it.o
    0x08007cba   0x08007cba   0x00000002   PAD
    0x08007cbc   0x08007cbc   0x00000040   Code   RO         6953    i.SYSCFG_EXTILineConfig  stm32f4xx_syscfg.o
    0x08007cfc   0x08007cfc   0x00000018   Code   RO        11782    i.S_ENC1_ANG_FUNC   command.o
    0x08007d14   0x08007d14   0x00000018   Code   RO        11783    i.S_ENC1_C1_FUNC    command.o
    0x08007d2c   0x08007d2c   0x00000018   Code   RO        11784    i.S_ENC1_C2_FUNC    command.o
    0x08007d44   0x08007d44   0x00000018   Code   RO        11785    i.S_ENC1_DIS_FUNC   command.o
    0x08007d5c   0x08007d5c   0x00000018   Code   RO        11786    i.S_ENC1_RAD_FUNC   command.o
    0x08007d74   0x08007d74   0x00000018   Code   RO        11787    i.S_ENC2_ANG_FUNC   command.o
    0x08007d8c   0x08007d8c   0x00000018   Code   RO        11788    i.S_ENC2_C1_FUNC    command.o
    0x08007da4   0x08007da4   0x00000018   Code   RO        11789    i.S_ENC2_C2_FUNC    command.o
    0x08007dbc   0x08007dbc   0x00000018   Code   RO        11790    i.S_ENC2_DIS_FUNC   command.o
    0x08007dd4   0x08007dd4   0x00000018   Code   RO        11791    i.S_ENC2_RAD_FUNC   command.o
    0x08007dec   0x08007dec   0x00000018   Code   RO        11793    i.S_GPS_ANG_FUNC    command.o
    0x08007e04   0x08007e04   0x00000018   Code   RO        11794    i.S_GPS_X_FUNC      command.o
    0x08007e1c   0x08007e1c   0x00000018   Code   RO        11795    i.S_GPS_Y_FUNC      command.o
    0x08007e34   0x08007e34   0x00000018   Code   RO        11797    i.S_GYRO_C2_FUNC    command.o
    0x08007e4c   0x08007e4c   0x00000002   Code   RO        11798    i.S_GYRO_ERROR_FUNC  command.o
    0x08007e4e   0x08007e4e   0x00000002   Code   RO        11799    i.S_GYRO_FLOAT_FUNC  command.o
    0x08007e50   0x08007e50   0x00000018   Code   RO        11800    i.S_GYRO_RAD_FUNC   command.o
    0x08007e68   0x08007e68   0x000000ec   Code   RO          434    i.SetSysClock       system_stm32f4xx.o
    0x08007f54   0x08007f54   0x00000578   Code   RO         2232    i.Show_Keyboard     m_func.o
    0x080084cc   0x080084cc   0x00000080   Code   RO         2233    i.Show_Menu_List    m_func.o
    0x0800854c   0x0800854c   0x00000028   Code   RO         3092    i.SysTick_CLKSourceConfig  misc.o
    0x08008574   0x08008574   0x0000001c   Code   RO         2995    i.SysTick_Handler   delay.o
    0x08008590   0x08008590   0x00000068   Code   RO          436    i.SystemInit        system_stm32f4xx.o
    0x080085f8   0x080085f8   0x00000064   Code   RO         1809    i.TIM12_Int_Init    timer.o
    0x0800865c   0x0800865c   0x0000004c   Code   RO         1412    i.TIM2_IRQHandler   qei.o
    0x080086a8   0x080086a8   0x000000f0   Code   RO         1313    i.TIM3_IRQHandler   ccd.o
    0x08008798   0x08008798   0x00000050   Code   RO         1413    i.TIM5_IRQHandler   qei.o
    0x080087e8   0x080087e8   0x00000034   Code   RO         1810    i.TIM8_BRK_TIM12_IRQHandler  timer.o
    0x0800881c   0x0800881c   0x00000006   Code   RO         7017    i.TIM_ClearITPendingBit  stm32f4xx_tim.o
    0x08008822   0x08008822   0x00000018   Code   RO         7022    i.TIM_Cmd           stm32f4xx_tim.o
    0x0800883a   0x0800883a   0x00000022   Code   RO         7043    i.TIM_GetITStatus   stm32f4xx_tim.o
    0x0800885c   0x0800885c   0x00000012   Code   RO         7047    i.TIM_ITConfig      stm32f4xx_tim.o
    0x0800886e   0x0800886e   0x00000002   PAD
    0x08008870   0x08008870   0x0000007c   Code   RO         7051    i.TIM_OC1Init       stm32f4xx_tim.o
    0x080088ec   0x080088ec   0x00000012   Code   RO         7054    i.TIM_OC1PreloadConfig  stm32f4xx_tim.o
    0x080088fe   0x080088fe   0x00000002   PAD
    0x08008900   0x08008900   0x000000a4   Code   RO         7056    i.TIM_OC2Init       stm32f4xx_tim.o
    0x080089a4   0x080089a4   0x0000001a   Code   RO         7059    i.TIM_OC2PreloadConfig  stm32f4xx_tim.o
    0x080089be   0x080089be   0x00000002   PAD
    0x080089c0   0x080089c0   0x000000a0   Code   RO         7061    i.TIM_OC3Init       stm32f4xx_tim.o
    0x08008a60   0x08008a60   0x00000012   Code   RO         7064    i.TIM_OC3PreloadConfig  stm32f4xx_tim.o
    0x08008a72   0x08008a72   0x00000002   PAD
    0x08008a74   0x08008a74   0x00000078   Code   RO         7066    i.TIM_OC4Init       stm32f4xx_tim.o
    0x08008aec   0x08008aec   0x0000001a   Code   RO         7068    i.TIM_OC4PreloadConfig  stm32f4xx_tim.o
    0x08008b06   0x08008b06   0x00000002   PAD
    0x08008b08   0x08008b08   0x00000084   Code   RO         7094    i.TIM_TimeBaseInit  stm32f4xx_tim.o
    0x08008b8c   0x08008b8c   0x000001a8   Code   RO         1179    i.TP_Adj_Info_Show  touch.o
    0x08008d34   0x08008d34   0x0000005c   Code   RO         1180    i.TP_Adj_Parameters_Set  touch.o
    0x08008d90   0x08008d90   0x00000104   Code   RO         1181    i.TP_Adj_Parameters_Show  touch.o
    0x08008e94   0x08008e94   0x000008f4   Code   RO         1182    i.TP_Adjust         touch.o
    0x08009788   0x08009788   0x00000070   Code   RO         1184    i.TP_Drow_Touch_Point  touch.o
    0x080097f8   0x080097f8   0x000000bc   Code   RO         1185    i.TP_Init           touch.o
    0x080098b4   0x080098b4   0x00000094   Code   RO         1188    i.TP_Read_AD        touch.o
    0x08009948   0x08009948   0x00000078   Code   RO         1189    i.TP_Read_XOY       touch.o
    0x080099c0   0x080099c0   0x00000030   Code   RO         1190    i.TP_Read_XY        touch.o
    0x080099f0   0x080099f0   0x000000c0   Code   RO         1191    i.TP_Read_XY2       touch.o
    0x08009ab0   0x08009ab0   0x000000fc   Code   RO         1193    i.TP_Scan           touch.o
    0x08009bac   0x08009bac   0x0000004c   Code   RO         1194    i.TP_Write_Byte     touch.o
    0x08009bf8   0x08009bf8   0x000002d8   Code   RO         1315    i.TSL1401_Edge_Detect  ccd.o
    0x08009ed0   0x08009ed0   0x0000005c   Code   RO         1316    i.TSL1401_Find_ADC_Threshold  ccd.o
    0x08009f2c   0x08009f2c   0x00000044   Code   RO         1317    i.TSL1401_Find_Line_Threshold  ccd.o
    0x08009f70   0x08009f70   0x00000014   Code   RO          772    i.USART3_IRQHandler  usart.o
    0x08009f84   0x08009f84   0x00000024   Code   RO          773    i.USART6_IRQHandler  usart.o
    0x08009fa8   0x08009fa8   0x00000012   Code   RO         7568    i.USART_ClearFlag   stm32f4xx_usart.o
    0x08009fba   0x08009fba   0x0000001e   Code   RO         7569    i.USART_ClearITPendingBit  stm32f4xx_usart.o
    0x08009fd8   0x08009fd8   0x00000018   Code   RO         7572    i.USART_Cmd         stm32f4xx_usart.o
    0x08009ff0   0x08009ff0   0x00000368   Code   RO          774    i.USART_Config      usart.o
    0x0800a358   0x0800a358   0x00000012   Code   RO         7573    i.USART_DMACmd      stm32f4xx_usart.o
    0x0800a36a   0x0800a36a   0x00000054   Code   RO         7576    i.USART_GetITStatus  stm32f4xx_usart.o
    0x0800a3be   0x0800a3be   0x0000004a   Code   RO         7578    i.USART_ITConfig    stm32f4xx_usart.o
    0x0800a408   0x0800a408   0x000000d4   Code   RO         7579    i.USART_Init        stm32f4xx_usart.o
    0x0800a4dc   0x0800a4dc   0x00000004   Code   RO          384    i.UsageFault_Handler  stm32f4xx_it.o
    0x0800a4e0   0x0800a4e0   0x000000c0   Code   RO         1853    i.Write_Database    can_database.o
    0x0800a5a0   0x0800a5a0   0x00000030   Code   RO        12716    i.__ARM_fpclassify  m_wm.l(fpclassify.o)
    0x0800a5d0   0x0800a5d0   0x0000007a   Code   RO        12591    i.__hardfp_sqrt     m_wm.l(sqrt.o)
    0x0800a64a   0x0800a64a   0x00000032   Code   RO         1952    i._can_senddata     can.o
    0x0800a67c   0x0800a67c   0x0000000e   Code   RO        12292    i._is_digit         c_w.l(__printf_wp.o)
    0x0800a68a   0x0800a68a   0x0000002e   Code   RO          481    i.abs_limit         pid.o
    0x0800a6b8   0x0800a6b8   0x0000006c   Code   RO            3    i.bsp_init          main.o
    0x0800a724   0x0800a724   0x00000070   Code   RO         2996    i.delay_init        delay.o
    0x0800a794   0x0800a794   0x00000050   Code   RO         2997    i.delay_ms          delay.o
    0x0800a7e4   0x0800a7e4   0x0000000a   Code   RO         2998    i.delay_osschedlock  delay.o
    0x0800a7ee   0x0800a7ee   0x0000000a   Code   RO         2999    i.delay_osschedunlock  delay.o
    0x0800a7f8   0x0800a7f8   0x00000010   Code   RO         3000    i.delay_ostimedly   delay.o
    0x0800a808   0x0800a808   0x00000058   Code   RO         3001    i.delay_us          delay.o
    0x0800a860   0x0800a860   0x0000007c   Code   RO          482    i.get_moto_chassis  pid.o
    0x0800a8dc   0x0800a8dc   0x0000005e   Code   RO          483    i.get_total_angle   pid.o
    0x0800a93a   0x0800a93a   0x00000002   PAD
    0x0800a93c   0x0800a93c   0x00000038   Code   RO            4    i.lcd_task          main.o
    0x0800a974   0x0800a974   0x0000002c   Code   RO            5    i.led0_task         main.o
    0x0800a9a0   0x0800a9a0   0x00000024   Code   RO            6    i.led1_task         main.o
    0x0800a9c4   0x0800a9c4   0x00000094   Code   RO            7    i.main              main.o
    0x0800aa58   0x0800aa58   0x0000006c   Code   RO         1457    i.my_mem_free       malloc.o
    0x0800aac4   0x0800aac4   0x00000044   Code   RO         1458    i.my_mem_init       malloc.o
    0x0800ab08   0x0800ab08   0x000000a8   Code   RO         1459    i.my_mem_malloc     malloc.o
    0x0800abb0   0x0800abb0   0x00000040   Code   RO         1460    i.my_mem_perused    malloc.o
    0x0800abf0   0x0800abf0   0x00000024   Code   RO         1461    i.myfree            malloc.o
    0x0800ac14   0x0800ac14   0x00000028   Code   RO         1462    i.mymalloc          malloc.o
    0x0800ac3c   0x0800ac3c   0x00000014   Code   RO         1465    i.mymemset          malloc.o
    0x0800ac50   0x0800ac50   0x00000014   Code   RO          486    i.pid_param_init    pid.o
    0x0800ac64   0x0800ac64   0x00000038   Code   RO          487    i.set_moto_current  pid.o
    0x0800ac9c   0x0800ac9c   0x00000124   Code   RO            8    i.start_task        main.o
    0x0800adc0   0x0800adc0   0x0000012c   Code   RO         2280    i.sys_Encoder       m_sys.o
    0x0800aeec   0x0800aeec   0x00000002   Code   RO         2281    i.sys_GPS           m_sys.o
    0x0800aeee   0x0800aeee   0x00000002   PAD
    0x0800aef0   0x0800aef0   0x00000140   Code   RO         2282    i.sys_Gyro          m_sys.o
    0x0800b030   0x0800b030   0x0000039c   Code   RO         2283    i.sys_SRAM          m_sys.o
    0x0800b3cc   0x0800b3cc   0x000001f8   Code   RO         2284    i.sys_dog           m_sys.o
    0x0800b5c4   0x0800b5c4   0x0000004c   Code   RO         2286    i.sys_loc3508       m_sys.o
    0x0800b610   0x0800b610   0x000000e4   Code   RO         2287    i.sys_servo         m_sys.o
    0x0800b6f4   0x0800b6f4   0x00000044   Code   RO         2288    i.sys_spd3508       m_sys.o
    0x0800b738   0x0800b738   0x0000002c   Code   RO        12827    locale$$code        c_w.l(lc_numeric_c.o)
    0x0800b764   0x0800b764   0x0000002c   Code   RO        13032    locale$$code        c_w.l(lc_ctype_c.o)
    0x0800b790   0x0800b790   0x00000018   Code   RO        12676    x$fpl$dcmpinf       fz_wm.l(dcmpi.o)
    0x0800b7a8   0x0800b7a8   0x000002b0   Code   RO        12344    x$fpl$ddiv          fz_wm.l(ddiv.o)
    0x0800ba58   0x0800ba58   0x0000005a   Code   RO        12353    x$fpl$dfixu         fz_wm.l(dfixu.o)
    0x0800bab2   0x0800bab2   0x00000026   Code   RO        12357    x$fpl$dfltu         fz_wm.l(dflt_clz.o)
    0x0800bad8   0x0800bad8   0x00000078   Code   RO        12363    x$fpl$dleqf         fz_wm.l(dleqf.o)
    0x0800bb50   0x0800bb50   0x00000154   Code   RO        12365    x$fpl$dmul          fz_wm.l(dmul.o)
    0x0800bca4   0x0800bca4   0x0000009c   Code   RO        12678    x$fpl$dnaninf       fz_wm.l(dnaninf.o)
    0x0800bd40   0x0800bd40   0x0000000c   Code   RO        12680    x$fpl$dretinf       fz_wm.l(dretinf.o)
    0x0800bd4c   0x0800bd4c   0x0000006c   Code   RO        12367    x$fpl$drleqf        fz_wm.l(drleqf.o)
    0x0800bdb8   0x0800bdb8   0x00000198   Code   RO        12682    x$fpl$dsqrt         fz_wm.l(dsqrt_umaal.o)
    0x0800bf50   0x0800bf50   0x00000056   Code   RO        12369    x$fpl$f2d           fz_wm.l(f2d.o)
    0x0800bfa6   0x0800bfa6   0x00000060   Code   RO        12393    x$fpl$ffltll        fz_wm.l(ffltll_clz.o)
    0x0800c006   0x0800c006   0x0000008c   Code   RO        12688    x$fpl$fnaninf       fz_wm.l(fnaninf.o)
    0x0800c092   0x0800c092   0x0000000a   Code   RO        13044    x$fpl$fpinit        fz_wm.l(fpinit.o)
    0x0800c09c   0x0800c09c   0x00000004   Code   RO        12401    x$fpl$printf1       fz_wm.l(printf1.o)
    0x0800c0a0   0x0800c0a0   0x00000004   Code   RO        12692    x$fpl$printf2       fz_wm.l(printf2.o)
    0x0800c0a4   0x0800c0a4   0x00000000   Code   RO        12698    x$fpl$usenofp       fz_wm.l(usenofp.o)
    0x0800c0a4   0x0800c0a4   0x00000004   Data   RO         1195    .constdata          touch.o
    0x0800c0a8   0x0800c0a8   0x00000024   Data   RO         1472    .constdata          malloc.o
    0x0800c0cc   0x0800c0cc   0x0000000c   Data   RO         2292    .constdata          m_sys.o
    0x0800c0d8   0x0800c0d8   0x00000094   Data   RO        10505    .constdata          os_cfg_app.o
    0x0800c16c   0x0800c16c   0x00000168   Data   RO        10761    .constdata          os_dbg.o
    0x0800c2d4   0x0800c2d4   0x00000028   Data   RO        12280    .constdata          c_w.l(_printf_hex_int_ll_ptr.o)
    0x0800c2fc   0x0800c2fc   0x00000011   Data   RO        12300    .constdata          c_w.l(__printf_flags_ss_wp.o)
    0x0800c30d   0x0800c30d   0x00000003   PAD
    0x0800c310   0x0800c310   0x00000008   Data   RO        12639    .constdata          c_w.l(_printf_wctomb.o)
    0x0800c318   0x0800c318   0x00000026   Data   RO        12781    .constdata          c_w.l(_printf_fp_hex.o)
    0x0800c33e   0x0800c33e   0x00000002   PAD
    0x0800c340   0x0800c340   0x00000094   Data   RO        12792    .constdata          c_w.l(bigflt0.o)
    0x0800c3d4   0x0800c3d4   0x00000079   Data   RO         1196    .conststring        touch.o
    0x0800c44d   0x0800c44d   0x00000003   PAD
    0x0800c450   0x0800c450   0x00000072   Data   RO         2209    .conststring        m_list.o
    0x0800c4c2   0x0800c4c2   0x00000002   PAD
    0x0800c4c4   0x0800c4c4   0x00000018   Data   RO         2293    .conststring        m_sys.o
    0x0800c4dc   0x0800c4dc   0x00000020   Data   RO        13115    Region$$Table       anon$$obj.o
    0x0800c4fc   0x0800c4fc   0x0000001c   Data   RO        12826    locale$$data        c_w.l(lc_numeric_c.o)
    0x0800c518   0x0800c518   0x00000110   Data   RO        13031    locale$$data        c_w.l(lc_ctype_c.o)


    Execution Region RW_IRAM1 (Exec base: 0x20000000, Load base: 0x0800c628, Size: 0x0001fec8, Max: 0x00020000, ABSOLUTE, COMPRESSED[0x00000238])

    Exec Addr    Load Addr    Size         Type   Attr      Idx    E Section Name        Object

    0x20000000   COMPRESSED   0x00000014   Data   RW          437    .data               system_stm32f4xx.o
    0x20000014   COMPRESSED   0x00000038   Data   RW          489    .data               pid.o
    0x2000004c   COMPRESSED   0x00000014   PAD
    0x20000060   COMPRESSED   0x0000003e   Data   RW          781    .data               usart.o
    0x2000009e   COMPRESSED   0x00000002   PAD
    0x200000a0   COMPRESSED   0x000000c0   Data   RW          878    .data               pwm.o
    0x20000160   COMPRESSED   0x00000004   Data   RW          979    .data               lcd.o
    0x20000164   COMPRESSED   0x00000037   Data   RW         1197    .data               touch.o
    0x2000019b   COMPRESSED   0x00000001   PAD
    0x2000019c   COMPRESSED   0x00000063   Data   RW         1326    .data               ccd.o
    0x200001ff   COMPRESSED   0x00000001   PAD
    0x20000200   COMPRESSED   0x00000024   Data   RW         1473    .data               malloc.o
    0x20000224   COMPRESSED   0x00000010   Data   RW         1580    .data               sdio_sdcard.o
    0x20000234   COMPRESSED   0x00000004   PAD
    0x20000238   COMPRESSED   0x00000b38   Data   RW         1855    .data               can_database.o
    0x20000d70   COMPRESSED   0x000001e4   Data   RW         2210    .data               m_list.o
    0x20000f54   COMPRESSED   0x00000001   Data   RW         2234    .data               m_func.o
    0x20000f55   COMPRESSED   0x00000001   PAD
    0x20000f56   COMPRESSED   0x00000004   Data   RW         3002    .data               delay.o
    0x20000f5a   COMPRESSED   0x00000010   Data   RW         5728    .data               stm32f4xx_rcc.o
    0x20000f6a   COMPRESSED   0x00000002   PAD
    0x20000f6c   COMPRESSED   0x00000004   Data   RW         9937    .data               cpu_core.o
    0x20000f70   COMPRESSED   0x00000008   Data   RW        11007    .data               os_prio.o
    0x20000f78   COMPRESSED   0x000000cc   Data   RW        11571    .data               os_var.o
    0x20001044   COMPRESSED   0x00000004   Data   RW        11597    .data               os_cpu_c.o
    0x20001048        -       0x00001700   Zero   RW            9    .bss                main.o
    0x20002748        -       0x00000620   Zero   RW          488    .bss                pid.o
    0x20002d68   COMPRESSED   0x00000018   PAD
    0x20002d80        -       0x00000075   Zero   RW          780    .bss                usart.o
    0x20002df5   COMPRESSED   0x00000001   PAD
    0x20002df6        -       0x00000162   Zero   RW          978    .bss                lcd.o
    0x20002f58        -       0x00000400   Zero   RW         1325    .bss                ccd.o
    0x20003358        -       0x00000010   Zero   RW         1414    .bss                qei.o
    0x20003368   COMPRESSED   0x00000018   PAD
    0x20003380        -       0x0001a900   Zero   RW         1471    .bss                malloc.o
    0x2001dc80        -       0x000002c0   Zero   RW         1579    .bss                sdio_sdcard.o
    0x2001df40        -       0x00000020   Zero   RW         1854    .bss                can_database.o
    0x2001df60        -       0x00000010   Zero   RW         9935    .bss                cpu_core.o
    0x2001df70        -       0x00001040   Zero   RW        10504    .bss                os_cfg_app.o
    0x2001efb0        -       0x00000638   Zero   RW        11570    .bss                os_var.o
    0x2001f5e8        -       0x00000018   Zero   RW        11744    .bss                gyro.o
    0x2001f600        -       0x00000018   Zero   RW        11943    .bss                gps.o
    0x2001f618        -       0x00000050   Zero   RW        11975    .bss                encoder.o
    0x2001f668        -       0x00000060   Zero   RW        12839    .bss                c_w.l(libspace.o)
    0x2001f6c8        -       0x00000400   Zero   RW         3080    HEAP                startup_stm32f40_41xxx.o
    0x2001fac8        -       0x00000400   Zero   RW         3079    STACK               startup_stm32f40_41xxx.o



  Load Region LR$$.ARM.__AT_0x10000000 (Base: 0x10000000, Size: 0x00000000, Max: 0x0000f000, ABSOLUTE)

    Execution Region ER$$.ARM.__AT_0x10000000 (Exec base: 0x10000000, Load base: 0x10000000, Size: 0x0000f000, Max: 0x0000f000, ABSOLUTE, UNINIT)

    Exec Addr    Load Addr    Size         Type   Attr      Idx    E Section Name        Object

    0x10000000        -       0x0000f000   Zero   RW         1467    .ARM.__AT_0x10000000  malloc.o



  Load Region LR$$.ARM.__AT_0x1000F000 (Base: 0x1000f000, Size: 0x00000000, Max: 0x00000f00, ABSOLUTE)

    Execution Region ER$$.ARM.__AT_0x1000F000 (Exec base: 0x1000f000, Load base: 0x1000f000, Size: 0x00000f00, Max: 0x00000f00, ABSOLUTE, UNINIT)

    Exec Addr    Load Addr    Size         Type   Attr      Idx    E Section Name        Object

    0x1000f000        -       0x00000f00   Zero   RW         1468    .ARM.__AT_0x1000F000  malloc.o



  Load Region LR$$.ARM.__AT_0x68000000 (Base: 0x68000000, Size: 0x00000000, Max: 0x000f0000, ABSOLUTE)

    Execution Region ER$$.ARM.__AT_0x68000000 (Exec base: 0x68000000, Load base: 0x68000000, Size: 0x000f0000, Max: 0x000f0000, ABSOLUTE, UNINIT)

    Exec Addr    Load Addr    Size         Type   Attr      Idx    E Section Name        Object

    0x68000000        -       0x000f0000   Zero   RW         1469    .ARM.__AT_0x68000000  malloc.o



  Load Region LR$$.ARM.__AT_0x680F0000 (Base: 0x680f0000, Size: 0x00000000, Max: 0x0000f000, ABSOLUTE)

    Execution Region ER$$.ARM.__AT_0x680F0000 (Exec base: 0x680f0000, Load base: 0x680f0000, Size: 0x0000f000, Max: 0x0000f000, ABSOLUTE, UNINIT)

    Exec Addr    Load Addr    Size         Type   Attr      Idx    E Section Name        Object

    0x680f0000        -       0x0000f000   Zero   RW         1470    .ARM.__AT_0x680F0000  malloc.o


==============================================================================

Image component sizes


      Code (inc. data)   RO Data    RW Data    ZI Data      Debug   Object Name

        78         14          0          0          0      11035   bsp.o
      2020         94          0          0          0       9004   can.o
       268         26          0       2872         32       5958   can_database.o
      1372         92          0         99       1024       5119   ccd.o
       416        164          0          0          0       9702   command.o
        52          0          0          0          0        388   cpu_a.o
       100         18          0          4         16       5069   cpu_core.o
       344         40          0          4          0       4573   delay.o
       980        234          0          0         80       2300   encoder.o
       480         32          0          0          0       2999   exti.o
         0          0          0          0         24        642   gps.o
      1378        400          0          0         24       2916   gyro.o
        64          8          0          0          0        579   key.o
       454          8          0          4        354      10697   lcd.o
        92         14          0          0          0       1067   led.o
       102          0          0          0          0       2120   lib_mem.o
      1756        166          0          1          0       3505   m_func.o
         0          0        114        484          0        878   m_list.o
      2422        592         36          0          0       6076   m_sys.o
       684        150          0          0       5888     348179   main.o
       504         60         36         36    1218560       7198   malloc.o
       180         24          0          0          0       2401   misc.o
         2          0        148          0       4160      19723   os_cfg_app.o
      2982        402          0          0          0      23553   os_core.o
       172         32          0          0          0        456   os_cpu_a.o
       912         56          0          4          0       7960   os_cpu_c.o
       424        278        360          0          0       5033   os_dbg.o
        24         10          0          0          0       1114   os_flag.o
        24         10          0          0          0       1105   os_mem.o
       206         20          0          0          0       2716   os_msg.o
      1172         78          0          0          0       5048   os_mutex.o
       136         16          0          8          0       3358   os_prio.o
        24         10          0          0          0       1103   os_q.o
        24         10          0          0          0       1109   os_sem.o
      1484        190          0          0          0       4367   os_stat.o
      2990        170          0          0          0      13985   os_task.o
      1088         92          0          0          0       6986   os_tick.o
       276         36          0          0          0       1989   os_time.o
       570        142          0          0          0       4591   os_tmr.o
         0          0          0        204       1592      18116   os_var.o
      1306         94          0         56       1568     264837   pid.o
       804         92          0        192          0       6481   pwm.o
       156         12          0          0         16       1903   qei.o
       448         28          0         16        704      11838   sdio_sdcard.o
        64         26        392          0       2048        896   startup_stm32f40_41xxx.o
        10          0          0          0          0       1892   stm32f4xx_adc.o
      1200         16          0          0          0       6078   stm32f4xx_can.o
       324         38          0          0          0       5503   stm32f4xx_dma.o
       184         16          0          0          0       2420   stm32f4xx_exti.o
       214          0          0          0          0       2043   stm32f4xx_gpio.o
        22          0          0          0          0       3527   stm32f4xx_it.o
       360         42          0         16          0       5688   stm32f4xx_rcc.o
        80         14          0          0          0       3813   stm32f4xx_sdio.o
        64          4          0          0          0        704   stm32f4xx_syscfg.o
       870         66          0          0          0       9870   stm32f4xx_tim.o
       460          8          0          0          0       6077   stm32f4xx_usart.o
       340         32          0         20          0       2081   system_stm32f4xx.o
       152         14          0          0          0       1321   timer.o
      4848        384        125         55          0      12579   touch.o
      1292        118          0         62        117       6255   usart.o

    ----------------------------------------------------------------------
     39504       4692       1248       4168    1236256     920523   Object Totals
         0          0         32          0          0          0   (incl. Generated)
        50          0          5         31         49          0   (incl. Padding)

    ----------------------------------------------------------------------

      Code (inc. data)   RO Data    RW Data    ZI Data      Debug   Library Member Name

        44          6          0          0          0         84   __2sprintf.o
        90          0          0          0          0          0   __dczerorl2.o
         8          0          0          0          0         68   __main.o
       392          4         17          0          0         92   __printf_flags_ss_wp.o
        14          0          0          0          0         68   __printf_wp.o
         0          0          0          0          0          0   __rtentry.o
        12          0          0          0          0          0   __rtentry2.o
         6          0          0          0          0          0   __rtentry4.o
        52          8          0          0          0          0   __scatter.o
        28          0          0          0          0          0   __scatter_zi.o
         6          0          0          0          0          0   _printf_a.o
         6          0          0          0          0          0   _printf_c.o
        44          0          0          0          0        108   _printf_char.o
        48          6          0          0          0         96   _printf_char_common.o
        40          0          0          0          0         68   _printf_charcount.o
         6          0          0          0          0          0   _printf_d.o
       120         16          0          0          0         92   _printf_dec.o
         6          0          0          0          0          0   _printf_e.o
         6          0          0          0          0          0   _printf_f.o
      1054          0          0          0          0        216   _printf_fp_dec.o
       764          8         38          0          0        100   _printf_fp_hex.o
       128         16          0          0          0         84   _printf_fp_infnan.o
         6          0          0          0          0          0   _printf_g.o
       148          4         40          0          0        160   _printf_hex_int_ll_ptr.o
         6          0          0          0          0          0   _printf_i.o
       178          0          0          0          0         88   _printf_intcommon.o
        10          0          0          0          0          0   _printf_l.o
         6          0          0          0          0          0   _printf_lc.o
        10          0          0          0          0          0   _printf_ll.o
         6          0          0          0          0          0   _printf_lld.o
         6          0          0          0          0          0   _printf_lli.o
         6          0          0          0          0          0   _printf_llo.o
         6          0          0          0          0          0   _printf_llu.o
         6          0          0          0          0          0   _printf_llx.o
       124         16          0          0          0         92   _printf_longlong_dec.o
         6          0          0          0          0          0   _printf_ls.o
         6          0          0          0          0          0   _printf_n.o
         6          0          0          0          0          0   _printf_o.o
       112         10          0          0          0        124   _printf_oct_int_ll.o
         6          0          0          0          0          0   _printf_p.o
        78          0          0          0          0        108   _printf_pad.o
         0          0          0          0          0          0   _printf_percent.o
         4          0          0          0          0          0   _printf_percent_end.o
         6          0          0          0          0          0   _printf_s.o
        82          0          0          0          0         80   _printf_str.o
        36          0          0          0          0         84   _printf_truncate.o
         6          0          0          0          0          0   _printf_u.o
        44          0          0          0          0        108   _printf_wchar.o
       188          6          8          0          0         92   _printf_wctomb.o
         6          0          0          0          0          0   _printf_x.o
        22          0          0          0          0        100   _rserrno.o
        10          0          0          0          0         68   _sputc.o
        64          0          0          0          0         92   _wcrtomb.o
       228          4        148          0          0         96   bigflt0.o
      1936        128          0          0          0        672   btod.o
        18          0          0          0          0         80   exit.o
         6          0          0          0          0        152   heapauxi.o
         0          0          0          0          0          0   indicate_semi.o
        44         10        272          0          0         76   lc_ctype_c.o
        44         10         28          0          0         76   lc_numeric_c.o
         2          0          0          0          0          0   libinit.o
        34          0          0          0          0          0   libinit2.o
         2          0          0          0          0          0   libshutdown.o
         2          0          0          0          0          0   libshutdown2.o
         8          4          0          0         96         68   libspace.o
       138          0          0          0          0         80   lludiv10.o
        16          4          0          0          0         76   rt_ctype_table.o
         8          4          0          0          0         68   rt_errno_addr_intlibspace.o
         8          4          0          0          0         68   rt_locale_intlibspace.o
        78          0          0          0          0         80   rt_memclr_w.o
         2          0          0          0          0          0   rtexit.o
        10          0          0          0          0          0   rtexit2.o
       128          0          0          0          0         68   strcmpv7m.o
        12          4          0          0          0         68   sys_exit.o
        74          0          0          0          0         80   sys_stackheap_outer.o
         2          0          0          0          0         68   use_no_semi.o
        36          4          0          0          0         76   vsprintf.o
        24          0          0          0          0        116   dcmpi.o
       688        140          0          0          0        256   ddiv.o
        90          4          0          0          0        140   dfixu.o
        38          0          0          0          0        116   dflt_clz.o
       120          4          0          0          0        140   dleqf.o
       340         12          0          0          0        152   dmul.o
       156          4          0          0          0        140   dnaninf.o
        12          0          0          0          0        116   dretinf.o
       108          0          0          0          0        128   drleqf.o
       408         56          0          0          0        168   dsqrt_umaal.o
        86          4          0          0          0        132   f2d.o
        96          0          0          0          0        132   ffltll_clz.o
       140          4          0          0          0        132   fnaninf.o
        10          0          0          0          0        116   fpinit.o
         4          0          0          0          0        116   printf1.o
         4          0          0          0          0        116   printf2.o
         0          0          0          0          0          0   usenofp.o
        48          0          0          0          0        124   fpclassify.o
       122          0          0          0          0        148   sqrt.o

    ----------------------------------------------------------------------
      9420        504        556          0         96       6712   Library Totals
        16          0          5          0          0          0   (incl. Padding)

    ----------------------------------------------------------------------

      Code (inc. data)   RO Data    RW Data    ZI Data      Debug   Library Name

      6910        276        551          0         96       4224   c_w.l
      2324        228          0          0          0       2216   fz_wm.l
       170          0          0          0          0        272   m_wm.l

    ----------------------------------------------------------------------
      9420        504        556          0         96       6712   Library Totals

    ----------------------------------------------------------------------

==============================================================================


      Code (inc. data)   RO Data    RW Data    ZI Data      Debug   

     48924       5196       1804       4168    1236352     893647   Grand Totals
     48924       5196       1804        568    1236352     893647   ELF Image Totals (compressed)
     48924       5196       1804        568          0          0   ROM Totals

==============================================================================

    Total RO  Size (Code + RO Data)                50728 (  49.54kB)
    Total RW  Size (RW Data + ZI Data)           1240520 (1211.45kB)
    Total ROM Size (Code + RO Data + RW Data)      51296 (  50.09kB)

==============================================================================

